
### line 746: *Quóniam in sǽculum misericórdia ejus*
    PT: *porque é para sempre a sua misericórdia* — proposed by Ps 117 in place of *porque para sempre é a sua misericórdia*
    ST: settled (D14; D23 gives Ps 135's *in ætérnum* refrain the same words) — Ps 117 said the old form four times running (117
    117:1    Dai graças ao Senhor, porque ele é bom: * porque é para sempre a sua misericórdia.
    117:2    Diga agora Israel: porque ele é bom, * porque é para sempre a sua misericórdia.
    117:3    Diga agora a casa de Aarão: * porque é para sempre a sua misericórdia.
    117:4    Digam agora os que temem o Senhor: * porque é para sempre a sua misericórdia.
    117:29   Dai graças ao Senhor, porque ele é bom: * porque é para sempre a sua misericórdia.

### line 747: *Dicat nunc Israël quóniam bonus: quóniam…* (117:2–4; *dicat nunc Israël* also 123:1, 128:1 → *diga agora Israel*)
    PT: *Diga agora Israel: porque ele é bom, porque…* — the refrain quoted with its conjunction, identical in all five verses
    ST: open — DRB and MS1932 read *quóniam* as 'that' (*que ele é bom: que…*), which is the option; Ps 117's decision `dicat`
    117:2    Diga agora Israel: porque ele é bom, * porque é para sempre a sua misericórdia.

### line 748: *et factus est / es mihi in salútem* (117:14, 117:21, 117:28b; the canticles with ids 15:2, 12:3)
    PT: *e se fez salvação para mim* / *e vos fizestes salvação para mim*
    ST: open (hangs on *fíeri*; word order from the stylist)

### line 749: *et in nómine Dómini quia ultus sum in eos* (117:10–12)
    PT: *e foi em nome do Senhor que me vinguei deles*
    ST: working — a cleft, so that *quia* is heard as its *que*; *deles* follows the Latin's *eos* (after *gentes*) and avoids *
    117:10   Todas as nações me rodearam: * e foi em nome do Senhor que me vinguei deles.
    117:11   Cercando-me, eles me cercaram: * e foi em nome do Senhor que me vinguei deles.
    117:12   Cercaram-me como abelhas, † e se inflamaram como fogo em espinhos: * e foi em nome do Senhor que me vinguei deles.

### line 750: *Benedíctus qui venit in nómine Dómini* (117:26a)
    PT: *Bendito o que vem em nome do Senhor*
    ST: working — the wording of MS1932 and DM1962 alike
    117:25   Ó Senhor, salvai-me, † ó Senhor, fazei prosperar bem: * bendito o que vem em nome do Senhor.

### line 751: *Hæc est dies, quam fecit Dóminus: exsultémus, et lætémur in ea* (117:24)
    PT: *Este é o dia que o Senhor fez: exultemos e alegremo-nos nele*
    ST: working — word for word DM1962
    117:24   Este é o dia que o Senhor fez: * exultemos e alegremo-nos nele.

### line 752: *Confitémini Dómino quóniam bonus*
    PT: *Louvai o Senhor, porque ele é bom* — Ps 53 proposes *Dai graças ao Senhor, porque ele é bom*
    ST: open (hangs on *confitéri*; see that row)
    117:1    Dai graças ao Senhor, porque ele é bom: * porque é para sempre a sua misericórdia.
    117:29   Dai graças ao Senhor, porque ele é bom: * porque é para sempre a sua misericórdia.

### line 753: *confitébor nómini tuo* (53:8, 137:1b–2a)
    PT: *darei graças ao vosso nome*
    ST: open (hangs on *confitéri*); in 53:8 the vocative is moved — *darei graças, Senhor, ao vosso nome: porque é bom* — so th
    53:8     De livre vontade sacrificarei a vós, * e darei graças, Senhor, ao vosso nome: porque é bom:

### line 754: *Deus, exáudi oratiónem meam* (53:4; cf. *Dómine, exáudi…*)
    PT: *Deus, escutai a minha oração*
    ST: working — the *Senhor* formula with the Latin's vocative
    53:4     Deus, escutai a minha oração: * dai ouvidos às palavras da minha boca.

### line 755: *Dómine, exáudi oratiónem meam*
    PT: *Senhor, escutai a minha oração*
    ST: working

### line 756: *Miserére mei*
    PT: *Tende piedade de mim*
    ST: working
    4:2b     Tende piedade de mim, * e escutai a minha oração.
    6:3      Tende piedade de mim, Senhor, porque estou enfermo: * curai-me, Senhor, porque os meus ossos estão perturbados.
    9:14     Tende piedade de mim, Senhor: * vede a minha humilhação que me vem dos meus inimigos.
    24:16    Olhai para mim, e tende piedade de mim: * porque eu sou só e pobre.
    25:11    Mas eu andei na minha inocência: * resgatai-me, e tende piedade de mim.
    26:7     Escutai, Senhor, a minha voz, com que clamei a vós: * tende piedade de mim, e escutai-me.
    30:10    Tende piedade de mim, Senhor, porque estou atribulado: * na ira foram perturbados o meu olho, a minha alma e o meu ventre:
    118:29   Afastai de mim o caminho da iniquidade: * e pela vossa lei tende piedade de mim.
    118:58   Supliquei a vossa face de todo o meu coração: * tende piedade de mim segundo o que dissestes.
    118:132  Olhai para mim, e tende piedade de mim, * segundo o juízo dos que amam o vosso nome.

### line 757: *Fílius meus es tu, ego hódie génui te* (2:7)
    PT: *Tu és meu Filho, eu hoje te gerei*
    ST: settled (D17); was: open — Ps 2: God speaks to the Son as *tu* (row in "Address and grammar"); natural order, with MS193
    2:7      O Senhor me disse: * Tu és meu Filho, eu hoje te gerei.

### line 758: *Exsúrge, Dómine, salvum me fac, Deus meus* (3:7)
    PT: *levantai-vos, Senhor, salvai-me, meu Deus*
    ST: working — Ps 3
    3:7      Não temerei o povo que me cerca aos milhares: * levantai-vos, Senhor, salvai-me, meu Deus.

### line 759: *Dómini est salus* (3:9)
    PT: *Do Senhor é a salvação*
    ST: working — Ps 3; the Latin's order, which is also good Portuguese
    3:9      Do Senhor é a salvação: * e sobre o vosso povo a vossa bênção.

### line 760: *et Dóminus suscépit me* (117:13) = *quia Dóminus suscépit me* (3:6)
    PT: *(porque) o Senhor me amparou*
    ST: working — identical in both psalms
    3:6      Eu dormi, e fui tomado pelo sono: * e me levantei, porque o Senhor me amparou.
    117:13   Empurrado, fui derrubado para cair: * e o Senhor me amparou.

### line 761: *secúndum verbum tuum* (118:25, 65, 107; Nunc dimittis)
    PT: *segundo a vossa palavra*
    ST: working — Ps 118:25
    118:25   A minha alma apegou-se ao chão: * vivificai-me segundo a vossa palavra.
    118:65   Usastes de bondade com o vosso servo, Senhor, * segundo a vossa palavra.
    118:107  Fui de todo humilhado, Senhor: * vivificai-me segundo a vossa palavra.
    2:29     Agora deixais ir + o vosso servo, Senhor, * segundo a vossa palavra, em paz:

### line 762: *doce me justificatiónes tuas* (118:12, 26; reordered in 118:64, 68, 124, 135)
    PT: *ensinai-me os vossos preceitos*
    ST: working (hangs on *justificatiónes*) — Ps 118
    118:12   Bendito sois, Senhor: * ensinai-me os vossos preceitos.
    118:26   Expus os meus caminhos, e me escutastes: * ensinai-me os vossos preceitos.
    118:68   Bom sois vós: * e na vossa bondade ensinai-me os vossos preceitos.
    118:135  Iluminai a vossa face sobre o vosso servo: * e ensinai-me os vossos preceitos.

### line 763: *judícia justítiæ tuæ* (118:7, 106, 160, 164)
    PT: *os juízos da vossa justiça*
    ST: working — Ps 118:7; **not** 118:62 *judícia justificatiónis tuæ*, a different Latin
    118:7    Eu vos darei graças na retidão do coração: * por ter aprendido os juízos da vossa justiça.
    118:106  Jurei, e resolvi * guardar os juízos da vossa justiça.
    118:160  O princípio das vossas palavras é verdade: * todos os juízos da vossa justiça são para sempre.
    118:164  Sete vezes por dia vos dei louvor, * pelos juízos da vossa justiça.

### line 764: *in toto corde (meo)* (118:2, 10, 34, 58, 69, 145)
    PT: *de todo o (meu) coração*
    ST: working — Ps 118
    9:2      Eu vos darei graças, Senhor, de todo o meu coração: * narrarei todas as vossas maravilhas.
    118:10   De todo o meu coração vos procurei: * não me afasteis dos vossos mandamentos.
    118:34   Dai-me entendimento, e sondarei a vossa lei: * e a guardarei de todo o meu coração.
    118:58   Supliquei a vossa face de todo o meu coração: * tende piedade de mim segundo o que dissestes.
    118:69   A iniquidade dos soberbos multiplicou-se sobre mim: * mas eu, de todo o meu coração, sondarei os vossos mandamentos.
    118:145  Clamei de todo o meu coração, escutai-me, Senhor: * procurarei os vossos preceitos.

### line 765: *qui fecit cælum et terram* (113:23, 120:2, 123:8, 133:3, 145:5–6)
    PT: *que fez o céu e a terra*
    ST: working — Ps 133:3 puts *ele* before it only because *Sião* would otherwise be the antecedent
    133:3    O Senhor te bendiga de Sião, * ele que fez o céu e a terra.

### line 766: *Qui statis in domo Dómini, in átriis domus Dei nostri* (133:1b = 134:2)
    PT: *Que estais de pé na casa do Senhor, nos átrios da casa do nosso Deus*
    ST: working (hangs on *stare*)
    133:1b   Que estais de pé na casa do Senhor, * nos átrios da casa do nosso Deus.

### line 767: *Benedícat te / tibi Dóminus ex Sion* (133:3, 127:5)
    PT: *O Senhor te bendiga de Sião*
    ST: open (hangs on *benedícere*, God → man)

### line 768: *secúndum elóquium tuum* (118:41, 58, 76; 116, 133, 170 to come; 118:154 has *propter*, 118:169 *juxta*)
    PT: ***segundo o que dissestes*** — settled (D16), replacing *segundo o vosso dito*
    ST: The clause held on a second blind stylist pass (four of six places passed outright, two mended by word order). History: 
    118:41   E venha sobre mim a vossa misericórdia, Senhor: * a vossa salvação segundo o que dissestes.
    118:58   Supliquei a vossa face de todo o meu coração: * tende piedade de mim segundo o que dissestes.
    118:76   Seja a vossa misericórdia para me consolar, * segundo o que dissestes ao vosso servo.
    118:116  Amparai-me segundo o que dissestes, e viverei: * e não me envergonheis pelo que aguardo.
    118:133  Endireitai os meus passos segundo o que dissestes: * e não me domine injustiça alguma.
    118:170  Entre o meu pedido na vossa presença: * segundo o que dissestes libertai-me.

### line 769: *Da mihi intelléctum, et …* (118:34, 73, 125, 144, 169)
    PT: *Dai-me entendimento, e …*
    ST: working — Ps 118
    118:34   Dai-me entendimento, e sondarei a vossa lei: * e a guardarei de todo o meu coração.
    118:73   As vossas mãos me fizeram e me moldaram: * dai-me entendimento, e aprenderei os vossos mandamentos.

### line 770: *lex tua meditátio mea est* (118:77, 92, 97, 174)
    PT: *a vossa lei é a minha meditação*
    ST: working — Ps 118
    118:77   Venham a mim as vossas compaixões, e viverei: * porque a vossa lei é a minha meditação.
    118:92   Se a minha meditação não fosse a vossa lei: * então talvez eu tivesse perecido na minha humilhação.
    118:174  Ansiei pela vossa salvação, Senhor: * e a vossa lei é a minha meditação.

### line 771: *Qui timent te / timéntes te* (118:63, 74, 79)
    PT: *os que vos temem*
    ST: working — Ps 118

### line 772: *in sǽculum et in sǽculum sǽculi* (118:44; 9:6, 44:18, 144:1–2 …)
    PT: *para sempre e pelos séculos dos séculos*
    ST: open — the two glossary formulas joined; the Latinist twice asked (minor) for the singular *pelo século do século*; MS19
    20:5     Pediu-vos vida: * e lhe destes longos dias para sempre, e pelos séculos dos séculos.
    118:44   E guardarei sempre a vossa lei: * para sempre e pelos séculos dos séculos.

### line 773: *super judícia justítiæ / justificatiónis tuæ* (118:62, 164)
    PT: *pelos juízos da vossa …*
    ST: working — Ps 118:62

### line 774: *Sepúlcrum patens est guttur eórum, † linguis suis dolóse agébant* (5:11a = 13:3b)
    PT: *A sua garganta é um sepulcro aberto, † com as suas línguas enganavam*
    ST: working — Ps 5; Ps 13 copies it (hangs on *dolus*)
    5:11a    A sua garganta é um sepulcro aberto, † com as suas línguas enganavam, * julgai-os, Deus.
    13:3b    A sua garganta é um sepulcro aberto, † com as suas línguas enganavam, * veneno de áspides debaixo dos seus lábios.

### line 775: *in multitúdine misericórdiæ tuæ* (5:7b = 68:14)
    PT: *na multidão da vossa misericórdia*
    ST: open (hangs on *multitúdo*) — Ps 5
    5:7b     O Senhor abominará o homem de sangue e enganador: * mas eu, na multidão da vossa misericórdia.

### line 776: *adorábo ad templum sanctum tuum* (5:8b = 137:2a)
    PT: *adorarei voltado para o vosso templo santo*
    ST: open (hangs on *adoráre ad*) — Ps 5
    5:8b     Entrarei na vossa casa: * no vosso temor adorarei voltado para o vosso templo santo.

### line 777: *Rex meus et Deus meus* (5:3, 43:5, 83:4)
    PT: *meu Rei e meu Deus*
    ST: working — Ps 5
    5:3      Atendei à voz da minha oração, * meu Rei e meu Deus.

### line 778: *Dómine, ne in furóre tuo árguas me, * neque in ira tua corrípias me* (6:2 = 37:2, word for word)
    PT: *Senhor, não me repreendais no vosso furor, * nem me castigueis na vossa ira*
    ST: settled (D21); was: open (hangs on *árguere*, *corrípere*) — Ps 6; **Ps 37 copies it**. It opens the first and the third
    6:2      Senhor, não me repreendais no vosso furor, * nem me castigueis na vossa ira.

### line 779: *Convértere, Dómine* (6:5, 89:13; 79:15 *Deus virtútum, convértere*)
    PT: *Voltai-vos, Senhor*
    ST: open (hangs on *convértere*) — Ps 6
    6:5      Voltai-vos, Senhor, e libertai a minha alma: * salvai-me por causa da vossa misericórdia.

### line 780: *Discédite a me, omnes, qui operámini iniquitátem* (6:9)
    PT: *Afastai-vos de mim, todos vós que praticais a iniquidade*
    ST: working — Ps 6; the Gospel quotes it (Mt 7:23 — from memory, unverified); 118:115 *Declináte a me, malígni* is another v
    6:9      Afastai-vos de mim, todos vós que praticais a iniquidade: * porque o Senhor escutou a voz do meu pranto.

### line 781: *ossa mea conturbáta sunt* (6:3, 30:11)
    PT: *os meus ossos estão perturbados*
    ST: open (hangs on *conturbáre*) — Ps 6 **Ps 30:11b departs:** *e os meus ossos foram perturbados* — the Latinist marked the
    30:11b   O meu vigor se enfraqueceu na pobreza: * e os meus ossos foram perturbados.

### line 782: *et in verbum tuum supersperávi* (118:81b = 118:114b)
    PT: *e pus toda a esperança na vossa palavra*
    ST: working — Ps 118; hangs on *supersperáre*
    118:81   A minha alma desfaleceu à espera da vossa salvação: * e pus toda a esperança na vossa palavra.
    118:114  Vós sois o meu auxílio e o meu amparo: * e pus toda a esperança na vossa palavra.

### line 783: *vivífica me secúndum verbum tuum* (118:25b = 118:107b)
    PT: *vivificai-me segundo a vossa palavra*
    ST: working — Ps 118
    118:25   A minha alma apegou-se ao chão: * vivificai-me segundo a vossa palavra.
    118:107  Fui de todo humilhado, Senhor: * vivificai-me segundo a vossa palavra.

### line 784: *In generatiónem et generatiónem* (118:90; 32:11, 44:18a, 71:5, 78:13, 88:2, 88:5, 99:4b, 101:13, 101:25, 105:31, 134:13, 144:13a, 145:10)
    PT: *De geração em geração*
    ST: working — Ps 118:90 *De geração em geração é a vossa verdade* (copula supplied; D14's build)
    118:90   De geração em geração é a vossa verdade: * fundastes a terra, e ela permanece.

### line 785: *Súscipe me secúndum elóquium tuum, et vivam: et non confúndas me ab exspectatióne mea* (118:116)
    PT: *Amparai-me segundo o que dissestes, e viverei: e não me envergonheis pelo que aguardo*
    ST: open — hangs on D16, D19 and *exspectáre*. From general knowledge, unverified on disk: this is the verse sung at monasti
    118:116  Amparai-me segundo o que dissestes, e viverei: * e não me envergonheis pelo que aguardo.

### line 786: *Lucérna pédibus meis verbum tuum, et lumen sémitis meis* (118:105)
    PT: *Lâmpada para os meus pés é a vossa palavra, e luz para as minhas veredas*
    ST: working — Ps 118
    118:105  Lâmpada para os meus pés é a vossa palavra, * e luz para as minhas veredas.

### line 787: *et psallam nómini Dómini altíssimi* (7:18b = 12:6b, last colon)
    PT: *e entoarei salmos ao nome do altíssimo Senhor*
    ST: open (hangs on *psállere*) — Ps 7; **Ps 12 copies it**
    7:18     Darei graças ao Senhor segundo a sua justiça: * e entoarei salmos ao nome do altíssimo Senhor.
    12:6b    O meu coração exultará na vossa salvação: † cantarei ao Senhor, que me deu coisas boas: * e entoarei salmos ao nome do altíssimo Senhor.

### line 788: *Dómine, Deus meus* (7:2, 7:4, 7:7b; 12:3, 29:3, 29:13, 34:24, 37:16, 37:22, 39:6, 85:12, 103:1, 108:26 — grep)
    PT: *Senhor, meu Deus*
    ST: working — Ps 7
    7:2      Senhor, meu Deus, em vós esperei: * salvai-me de todos os que me perseguem, e livrai-me.
    7:4      Senhor, meu Deus, se fiz isto, * se há iniquidade nas minhas mãos:
    7:7b     E levantai-vos, Senhor, meu Deus, no decreto que mandastes: * e a congregação dos povos vos cercará.
    12:3     Até quando o meu inimigo se exaltará sobre mim? * olhai, e escutai-me, Senhor, meu Deus.
    17:29    Porque vós iluminais a minha lâmpada, Senhor: * meu Deus, iluminai as minhas trevas.
    29:3     Senhor, meu Deus, clamei a vós, * e me curastes.
    29:13    Para que a minha glória vos cante, e eu não seja compungido: * Senhor, meu Deus, para sempre vos darei graças.
    34:24    Julgai-me segundo a vossa justiça, Senhor, meu Deus, * e não se alegrem à minha custa.

### line 789: *nequándo rápiat* (7:3, 49:22)
    PT: *para que não arrebate* — no subject supplied
    ST: working — Ps 7; in 49:22 the one who seizes is God
    7:3      Para que não arrebate a minha alma como um leão, * enquanto não há quem resgate, nem quem salve.

### line 790: *secúndum innocéntiam meam super me* (7:9b)
    PT: *segundo a minha inocência sobre mim*
    ST: open — Ps 7; the Septuagintal *super me* (ἐπ᾿ ἐμοί) kept, open between "the innocence that is upon me" and "judge … over
    7:9b     Julgai-me, Senhor, segundo a minha justiça, * e segundo a minha inocência sobre mim.

### line 791: *Dómine, Dóminus noster, * quam admirábile est nomen tuum in univérsa terra!* (8:2a = 8:10)
    PT: *Senhor, nosso Senhor, * como é admirável o vosso nome em toda a terra!*
    ST: open — Ps 8; both verses are built from the same two slots (decisions `domine`, `quam`), so they cannot drift; the styli
    8:2a     Senhor, nosso Senhor, * como é admirável o vosso nome em toda a terra!
    8:10     Senhor, nosso Senhor, * como é admirável o vosso nome em toda a terra!

### line 792: *Quid est homo quod memor es ejus? * aut fílius hóminis, quóniam vísitas eum?* (8:5 = Heb 2:6; 143:3 is the near twin: *quid est homo, quia innotuísti ei? aut f
    PT: *Que é o homem, para que vos lembreis dele? * ou o filho do homem, para que o visiteis?*
    ST: open — Ps 8; **stands against the Latinist (major, twice)**, who wants the Latin's indicatives (*pois vos lembrais dele*
    8:5      Que é o homem, para que vos lembreis dele? * ou o filho do homem, para que o visiteis?

### line 793: *Ómnia subjecísti sub pédibus ejus* (8:8a = Heb 2:8)
    PT: *Tudo sujeitastes debaixo dos seus pés*
    ST: open (hangs on *subjícere*) — Ps 8
    8:8      Tudo sujeitastes debaixo dos seus pés, * todas as ovelhas e os bois: e ainda os animais do campo.

### line 794: *Ex ore infántium et lacténtium perfecísti laudem* (8:3a = Mt 21:16)
    PT: *Da boca das crianças e dos que mamam aperfeiçoastes o louvor*
    ST: open (hangs on *perfícere*) — Ps 8
    8:3      Da boca das crianças e dos que mamam aperfeiçoastes o louvor por causa dos vossos inimigos, * para destruirdes o inimigo e o vingador.

### line 795: *ut custódiam mandáta tua* (118:134b = 118:146b)
    PT: *para que eu guarde os vossos mandamentos*
    ST: working — Ps 118
    118:60   Estou preparado, e não fui perturbado: * para guardar os vossos mandamentos.
    118:134  Resgatai-me das calúnias dos homens: * para que eu guarde os vossos mandamentos.
    118:146  Clamei a vós, salvai-me: * para que eu guarde os vossos mandamentos.

### line 796: *secúndum judícium tuum vivífica me* (118:149b, with *et*; 118:156b)
    PT: *segundo o vosso juízo vivificai-me*
    ST: working — Ps 118; *vivificai-me* always last, as *vivífica me* is (nine verses)
    118:149  Escutai a minha voz segundo a vossa misericórdia, Senhor: * e segundo o vosso juízo vivificai-me.
    118:156  Muitas são as vossas misericórdias, Senhor: * segundo o vosso juízo vivificai-me.

### line 797: *in conspéctu tuo* (118:168, 169, 170)
    PT: *na / da / na vossa presença*
    ST: open (hangs on *conspéctus*) — Ps 118: the noun phrase repeats, each verb takes its own preposition
    5:9      Senhor, guiai-me na vossa justiça: * por causa dos meus inimigos endireitai o meu caminho à vossa vista.
    9:20     Levantai-vos, Senhor, não se fortaleça o homem: * sejam julgadas as nações à vossa vista.
    18:15a   E as palavras da minha boca serão tais que agradem: * e a meditação do meu coração, sempre à vossa vista.
    118:168  Observei os vossos mandamentos e os vossos testemunhos: * porque todos os meus caminhos estão na vossa presença.
    118:169  Aproxime-se a minha prece da vossa presença, Senhor: * conforme o que dissestes dai-me entendimento.
    118:170  Entre o meu pedido na vossa presença: * segundo o que dissestes libertai-me.

### line 798: *mandáta tua non sum oblítus* (118:176, the psalm's last words; the phrase closes 118:61, 83, 109, 141, 153 with other law-words)
    PT: *não esqueci os vossos mandamentos*
    ST: working — Ps 118
    118:176  Extraviei-me como ovelha que se perdeu: * buscai o vosso servo, porque não esqueci os vossos mandamentos.

### line 799: *Óculi ejus in páuperem respíciunt* (9:30a = 10:5b, first colon, word for word; 65:7 *óculi ejus super gentes respíciunt* is near)
    PT: *Os seus olhos estão voltados para o pobre*
    ST: open — Ps 10 (the stylist's, for draft 1 *olham para*; Latinist clean). **Ps 9 and Ps 10 were translated at the same tim
    9:30a    Os seus olhos estão voltados para o pobre: * arma emboscada às escondidas, como leão no seu covil.
    10:5b    Os seus olhos estão voltados para o pobre: * as suas pálpebras interrogam os filhos dos homens.

### line 800: *intendérunt arcum … ut sagíttent* (10:3; 63:4 *intendérunt arcum rem amáram, ut sagíttent in occúltis immaculátum*)
    PT: *armaram o arco … para flecharem*
    ST: open — Ps 10; **Ps 63 copies it** (hangs on *sagittáre*)
    10:3     Porque eis que os pecadores armaram o arco, † prepararam as suas setas na aljava, * para flecharem no escuro os retos de coração.
    36:14    Os pecadores desembainharam a espada: * armaram o seu arco,

### line 801: *Elóquia Dómini … igne examináta* (11:7 *Elóquia Dómini, elóquia casta: argéntum igne examinátum*; 17:31 *elóquia Dómini igne examináta*)
    PT: *As palavras do Senhor … examinada(s) no fogo*
    ST: settled (D27) **D27: settled — outside Ps 118 the psalm decides (D26); 17:31 follows.**
    11:7     As palavras do Senhor são palavras puras: * prata examinada no fogo, provada, purificada da terra sete vezes.
    17:31    Imaculado é o caminho do meu Deus, † as palavras do Senhor, examinadas no fogo: * ele é o protetor de todos os que nele esperam.

### line 802: *Úsquequo, Dómine, … in finem?* (12:1 *obliviscéris me in finem*; 78:5 *irascéris in finem*; 88:47 *avértis in finem*)
    PT: *Até quando, Senhor, … para sempre?*
    ST: settled (D27) **D27: settled as a formula.**
    9:7a     As espadas do inimigo desfaleceram para sempre: * e destruístes as cidades deles.
    9:19     Porque o esquecimento do pobre não será para sempre: * a paciência dos pobres não perecerá para sempre.
    9:32     Pois disse no seu coração: Deus se esqueceu, * desviou a sua face para nunca mais ver.
    12:1     Até quando, Senhor, me esquecereis para sempre? * Até quando desviais de mim a vossa face?
    15:11    Fizestes-me conhecer os caminhos da vida, † vós me enchereis de alegria com o vosso rosto: * deleites na vossa direita até o fim.
    17:36b   E a vossa disciplina me corrigiu até o fim, * e a vossa própria disciplina me ensinará.

### line 803: *Óculi ejus in páuperem respíciunt* (9:30a = 10:5b)
    PT: *Os seus olhos estão voltados para o pobre*
    ST: open — Ps 9's decision `respiciunt` copies Ps 10's first colon; keep one form
    9:30a    Os seus olhos estão voltados para o pobre: * arma emboscada às escondidas, como leão no seu covil.
    10:5b    Os seus olhos estão voltados para o pobre: * as suas pálpebras interrogam os filhos dos homens.

### line 804: *in ætérnum, et in sǽculum sǽculi* (9:6 = 9:37)
    PT: *para sempre, e pelos séculos dos séculos*
    ST: open — one slot (Ps 9 `saeculi`); see the term row *in sǽculum sǽculi*
    9:6      Repreendestes as nações, e pereceu o ímpio: * apagastes o nome deles para sempre, e pelos séculos dos séculos.
    9:37     O Senhor reinará para sempre, e pelos séculos dos séculos: * perecereis da terra dele, nações.

### line 805: **Ps 13 / Ps 52, the doublet — what is shared word for word** (grep and side by side: `consult/parallels/ps013.md`, `ps052.md`; Clementine fetched `consult/boll
    PT: Ps 13 draft 2 wording, for Ps 52 to copy: **13:1a = 52:1** *Disse o insensato no seu coração: * Não há Deus.* · **13:3a = 52:4** *Todos se desviaram, juntos se tornaram inúteis: * não há quem faça o bem, não há nem seque
    ST: working — Ps 13; **Ps 52 copies**

### line 806: *Sepúlcrum patens est guttur eórum, † linguis suis dolóse agébant* (5:11a = 13:3b) + *venénum áspidum sub lábiis eórum* (13:3b's third colon; = Rom 3:13)
    PT: *… † com as suas línguas enganavam, * veneno de áspides debaixo dos seus lábios*
    ST: working — Ps 13 copied Ps 5's two colons exactly; the third left verbless as the Latin (the Latinist passed it twice)
    5:11a    A sua garganta é um sepulcro aberto, † com as suas línguas enganavam, * julgai-os, Deus.
    13:3b    A sua garganta é um sepulcro aberto, † com as suas línguas enganavam, * veneno de áspides debaixo dos seus lábios.

### line 807: *Qui facit hæc: * non movébitur in ætérnum* (14:5b; 124:1 *non commovébitur in ætérnum*, 111:6 *in ætérnum non commovébitur*)
    PT: *… para sempre não será abalado*
    ST: open — Ps 14; the stylist's worst line, *jamais será abalado* the option (D23's cost) **Ps 29:7 *Non movébor in ætérnum*
    14:5b    Aquele que faz estas coisas: * para sempre não será abalado.

### line 808: *grando et carbónes ignis* (17:13 = 17:14, the colon repeated)
    PT: *granizo e carvões de fogo*
    ST: working — Ps 17
    17:13    Diante do clarão, na sua presença, passaram as nuvens, * granizo e carvões de fogo.
    17:14    E o Senhor trovejou do céu, † e o Altíssimo fez ouvir a sua voz: * granizo e carvões de fogo.

### line 809: *Et retríbuet mihi Dóminus secúndum justítiam meam* (17:21a = 17:25a)
    PT: *E o Senhor me retribuirá segundo a minha justiça*
    ST: working — Ps 17 (decision `retribuet`: one verb three times; MS1932 varies it)
    17:21    E o Senhor me retribuirá segundo a minha justiça, * e segundo a pureza das minhas mãos me retribuirá.
    17:25    E o Senhor me retribuirá segundo a minha justiça, * e segundo a pureza das minhas mãos à vista dos seus olhos.

### line 810: *Ab increpatióne tua* (17:16b; 75:7, 103:7; 79:17 *ab increpatióne vultus tui*)
    PT: *À vossa repreensão*
    ST: open — Ps 17
    17:16b   À vossa repreensão, Senhor, * ao sopro do espírito da vossa ira.

### line 811: *præcínxit / præcinxísti me virtúte* (17:33, 17:40; cf. 92:1a *indútus est Dóminus fortitúdinem, et præcínxit se*)
    PT: *me cingiu / me cingistes de poder*
    ST: open (hangs on *virtus*) — Ps 17

### line 812: *Vivit Dóminus* (17:47)
    PT: *Vive o Senhor*
    ST: working — Ps 17; the blind reader heard 'the Lord is alive' first, an acclamation second
    17:47    Vive o Senhor, e bendito o meu Deus, * e exalte-se o Deus da minha salvação.

### line 813: *qui subdit / subdis pópulos sub me* (17:48; 143:2 *qui subdit pópulum meum sub me*)
    PT: *que sujeitais os povos sob mim*
    ST: open — Ps 17; **Ps 143:2 should copy it**

### line 814: *Deus meus es tu* (15:2 in DO 15:1; 21:11, 30:15, 117:28a, 139:7, 142:9)
    PT: *Vós sois o meu Deus*
    ST: open — Ps 15 follows 117:28a **Ps 21:11 *De ventre matris meæ Deus meus es tu* → *Desde o ventre da minha mãe vós sois o
    15:1     Conservai-me, Senhor, porque em vós esperei. ‡ Eu disse ao Senhor: Vós sois o meu Deus, * porque não precisais dos meus bens.
    21:11    Desde o ventre da minha mãe vós sois o meu Deus, * não vos afasteis de mim:
    30:15    Eu, porém, esperei em vós, Senhor: * disse: Vós sois o meu Deus: nas vossas mãos estão as minhas sortes.
    117:28a  Vós sois o meu Deus, e eu vos darei graças: * vós sois o meu Deus, e eu vos exaltarei.

### line 815: Ps 15:8–11a = Acts 2:25–28 (Clementine, fetched; 2:28b differs), 15:10b = Acts 13:35
    PT: the psalm's wording stands; Acts is a witness to the Latin, not a source of Portuguese
    ST: open — Ps 15

### line 816: *inclína (ad me) aurem tuam (mihi)* (16:6; 30:3 = 70:2 *Inclína ad me aurem tuam*, 85:1, 87:3, 101:3; 44:11 to the daughter; 77:1 *inclináte*, 114:2 *inclinávit
    PT: *inclinai para mim o vosso ouvido*
    ST: working — Ps 16:6; *auris → ouvido* (the organ of hearing; *orelha* is the outer ear); *inclinai* is safe (past *incline
    30:3     Inclinai para mim o vosso ouvido, * apressai-vos a libertar-me.

### line 817: *Suscepérunt me sicut leo parátus ad prædam: * et sicut cátulus leónis hábitans in ábditis* (16:12; cf. 7:3, 9:30a, 21:14)
    PT: *Agarraram-me como um leão pronto para a presa: * e como um filhote de leão que habita em lugares ocultos*
    ST: open — Ps 16
    16:12    Agarraram-me como um leão pronto para a presa: * e como um filhote de leão que habita em lugares ocultos.

### line 818: *Dómine, salvum fac regem: * et exáudi nos in die, qua invocavérimus te* (19:10; the Preces feriales at Lauds, and Vespers by reference: *V. Dómine, salvum fac 
    PT: *Senhor, salvai o rei: * e escutai-nos no dia em que vos invocarmos*
    ST: working — Ps 19; the stylist's best line; stands alone as a versicle
    19:10    Senhor, salvai o rei: * e escutai-nos no dia em que vos invocarmos.

### line 819: *Mitte eis, Dómine, auxílium de sancto. R. Et de Sion tuére eos* (Preces feriales; adapts 19:3)
    PT: *Enviai-lhes, Senhor, auxílio do lugar santo. R. E de Sião defendei-os*
    ST: open — proposal only (not a psalm verse); hangs on *sanctum* and *tuéri*

### line 820: *In omnem terram exívit sonus eórum: * et in fines orbis terræ verba eórum* (18:5 = Rom 10:18)
    PT: *O som deles saiu por toda a terra: * e as palavras deles, até os confins do mundo*
    ST: working — Ps 18; the apostle's quotation, word for word in the Vulgate (consult/bolls-VULG-45-10.json); keep it identica
    18:5     O som deles saiu por toda a terra: * e as palavras deles, até os confins do mundo.

### line 821: *Dómine, adjútor meus, et redémptor meus* (18:15b; 77:35 the pair in the third person)
    PT: *Senhor, meu auxílio, e meu redentor*
    ST: open — hangs on adjútor (held against four Latinist majors; for a ruling)
    18:15b   Senhor, meu auxílio, * e meu redentor.

### line 822: *Deus, Deus meus, réspice in me: quare me dereliquísti?* (21:2)
    PT: *Deus, meu Deus, olhai para mim: por que me abandonastes?*
    ST: working — Ps 21. **The Gospels quote the cry in another Latin**: Mt 27:46 / Mk 15:34 *Deus meus, Deus meus, ut quid dere
    21:2     Deus, meu Deus, olhai para mim: por que me abandonastes? * longe da minha salvação estão as palavras das minhas faltas.

### line 823: *divisérunt sibi vestiménta mea, et super vestem meam misérunt sortem* (21:18's second colon = Mt 27:35 word for word in the Clementine; Jn 19:24 has another wo
    PT: *repartiram entre si as minhas vestes, e sobre a minha veste lançaram sortes*
    ST: working — Ps 21; keep it identical wherever the Office quotes the verse
    21:18    Eles, porém, me observaram e me fitaram: * repartiram entre si as minhas vestes, e sobre a minha veste lançaram sortes.

### line 824: *Narrábo nomen tuum frátribus meis: * in médio ecclésiæ laudábo te* (21:23; Heb 2:12 Clementine *Nuntiabo …*, fetched)
    PT: *Narrarei o vosso nome aos meus irmãos: * no meio da assembleia vos louvarei*
    ST: open (hangs on *ecclésia*) — Ps 21
    21:23    Narrarei o vosso nome aos meus irmãos: * no meio da assembleia vos louvarei.

### line 825: *in ecclésia magna* (21:26, 34:18, 39:10)
    PT: *na grande assembleia*
    ST: open (hangs on *ecclésia*) — Ps 21
    21:26    Junto de vós está o meu louvor na grande assembleia: * pagarei os meus votos à vista dos que o temem.
    34:18    Eu vos darei graças na grande assembleia, * num povo numeroso vos louvarei.

### line 826: *Quóniam Dómini est regnum* (21:29; cf. 3:9 *Dómini est salus*)
    PT: *Porque do Senhor é o reino*
    ST: working — Ps 21, built as 3:9
    3:9      Do Senhor é a salvação: * e sobre o vosso povo a vossa bênção.
    21:29    Porque do Senhor é o reino: * e ele dominará as nações.

### line 827: *Dóminus regit me, et nihil mihi déerit: in loco páscuæ ibi me collocávit* (22:1; Sunday Sext versicle, Minor Special.txt; Matins and Office of the Dead antipho
    PT: *O Senhor me rege, e nada me faltará: num lugar de pastagem, ali me colocou*
    ST: open — Ps 22; each half stands alone as versicle and response
    22:1     O Senhor me rege, e nada me faltará: * num lugar de pastagem, ali me colocou.

### line 828: *Attóllite portas, príncipes, vestras, et elevámini, portæ æternáles: * et introíbit Rex glóriæ* (23:7 = 23:9)
    PT: *Erguei, príncipes, as vossas portas, e elevai-vos, portas eternas: * e entrará o Rei da glória*
    ST: open — Ps 23; one set of slots fills both verses
    23:7     Erguei, príncipes, as vossas portas, e elevai-vos, portas eternas: * e entrará o Rei da glória.
    23:9     Erguei, príncipes, as vossas portas, e elevai-vos, portas eternas: * e entrará o Rei da glória.

### line 829: *Quis est iste Rex glóriæ?* (23:8 = 23:10a)
    PT: *Quem é este Rei da glória?*
    ST: open — Ps 23; the answers are punctuated alike (*O Senhor forte e poderoso: …* / *O Senhor dos poderes: ele é o Rei da g
    23:8     Quem é este Rei da glória? * O Senhor forte e poderoso: o Senhor poderoso na batalha.
    23:10    Quem é este Rei da glória? * O Senhor dos poderes: ele é o Rei da glória.

### line 830: *Dóminus virtútum* (23:10; 16 lines, 45:8 …)
    PT: *o Senhor dos poderes*
    ST: open — Ps 23; see the row *virtus*
    23:10    Quem é este Rei da glória? * O Senhor dos poderes: ele é o Rei da glória.

### line 831: *Dómini est terra, et plenitúdo ejus* (23:1 = 1 Cor 10:26)
    PT: *Do Senhor é a terra, e a sua plenitude*
    ST: open — Ps 23; St Paul's quotation is word for word (Clementine, fetched)
    23:1     Do Senhor é a terra, e a sua plenitude: * o mundo, e todos os que nele habitam.

### line 832: *Ad te, Dómine, levávi ánimam meam* (24:1; 85:3, 142:8b; the Advent Introit; Epiphany II Responsory 7)
    PT: *A vós, Senhor, levantei a minha alma*
    ST: open — Ps 24
    24:1     A vós, Senhor, levantei a minha alma: * meu Deus, em vós confio, não corarei.

### line 833: *Deus meus, in te confído, non erubéscam* (24:1b; Tuesday Prime antiphon)
    PT: *meu Deus, em vós confio, não corarei*
    ST: open — Ps 24; = 24:20b *não corarei*
    24:1     A vós, Senhor, levantei a minha alma: * meu Deus, em vós confio, não corarei.

### line 834: *Delícta juventútis meæ, et ignorántias meas ne memíneris* (24:7; Office of the Dead antiphon, asterisk after *Delícta*)
    PT: *Das faltas da minha juventude, e das minhas ignorâncias não vos lembreis*
    ST: open — Ps 24; the Latin order kept so the antiphon can open on the faults
    24:7     Das faltas da minha juventude, * e das minhas ignorâncias não vos lembreis.

### line 835: *Réspice in me, et miserére mei* (24:16; 85:16; 21:2 *réspice in me* → *olhai para mim*; 118:132 *Áspice in me*)
    PT: *Olhai para mim, e tende piedade de mim*
    ST: open — Ps 24 (as 118:132)
    21:2     Deus, meu Deus, olhai para mim: por que me abandonastes? * longe da minha salvação estão as palavras das minhas faltas.
    24:16    Olhai para mim, e tende piedade de mim: * porque eu sou só e pobre.
    118:132  Olhai para mim, e tende piedade de mim, * segundo o juízo dos que amam o vosso nome.

### line 836: *Afférte Dómino … glóriam et honórem … afférte Dómino glóriam nómini ejus* (28:1–2; 95:7 *Afférte Dómino, pátriæ géntium, afférte Dómino glóriam et honórem: * a
    PT: *Trazei ao Senhor … glória e honra … trazei ao Senhor glória ao seu nome*
    ST: open — Ps 28; **Ps 95:7 should copy it**
    28:1     Trazei ao Senhor, ó filhos de Deus: * trazei ao Senhor filhos de carneiros.
    28:2     Trazei ao Senhor glória e honra, trazei ao Senhor glória ao seu nome: * adorai o Senhor no seu átrio santo.

### line 837: *adoráte Dóminum in átrio sancto ejus* (28:2 = 95:8, word for word, grep)
    PT: *adorai o Senhor no seu átrio santo*
    ST: open — Ps 28; **Ps 95:8 should copy it**
    28:2     Trazei ao Senhor glória e honra, trazei ao Senhor glória ao seu nome: * adorai o Senhor no seu átrio santo.

### line 838: *Vox Dómini* (7 times in Ps 28: 28:3, 4 ×2, 5, 7 ×2, 9)
    PT: *A voz do Senhor* — identical every time, verbless acclamations as the Latin (a copula is the option in 28:3)
    ST: open — Ps 28
    28:3     A voz do Senhor sobre as águas, o Deus da majestade trovejou: * o Senhor sobre muitas águas.
    28:4     A voz do Senhor com poder: * a voz do Senhor com magnificência.
    28:5     A voz do Senhor que quebra os cedros: * e o Senhor quebrará os cedros do Líbano:
    28:7     A voz do Senhor que divide a chama de fogo: * a voz do Senhor que abala o deserto: e o Senhor abalará o deserto de Cades.
    28:9     A voz do Senhor que prepara as corças, e que desnudará as matas densas: * e no seu templo todos dirão glória.

### line 839: *Exaltábo te, Dómine, quóniam suscepísti me: * nec delectásti inimícos meos super me* (29:2; Matins antiphon; versicle and responsory of 12-08 and Our Lady Apar
    PT: *Eu vos exaltarei, Senhor, porque me amparastes: * e não alegrastes os meus inimigos à minha custa*
    ST: open — Ps 29
    29:2     Eu vos exaltarei, Senhor, porque me amparastes: * e não alegrastes os meus inimigos à minha custa.

### line 840: *Psállite Dómino, sancti ejus: * et confitémini memóriæ sanctitátis ejus* (29:5 = the Matins versicle; 96:12 *et confitémini memóriæ sanctificatiónis ejus*, a n
    PT: *Entoai salmos ao Senhor, vós, seus santos: * e dai graças à memória da sua santidade*
    ST: open — Ps 29; **96:12 should copy the second colon, with its own noun**
    29:5     Entoai salmos ao Senhor, vós, seus santos: * e dai graças à memória da sua santidade.

### line 841: *Lavábo inter innocéntes manus meas: * et circúmdabo altáre tuum, Dómine* … *in ecclésiis benedícam te, Dómine* (25:6–12, the Lavabo of the Mass, identical in D
    PT: *Lavarei as minhas mãos entre os inocentes: * e cercarei o vosso altar, Senhor:* … *nas assembleias vos bendirei, Senhor.*
    ST: open — Ps 25; the whole stretch must read alone from 25:6 (it does: 25:6 opens a sentence)
    25:6     Lavarei as minhas mãos entre os inocentes: * e cercarei o vosso altar, Senhor:

### line 842: *Ne perdas cum ímpiis, Deus, ánimam meam. R. Et cum viris sánguinum vitam meam* (25:9; the Passiontide versicle, Minor Special.txt, Psalmi matutinum.txt)
    PT: *Deus, não façais perecer com os ímpios a minha alma. R. Nem com os homens de sangue a minha vida.*
    ST: open — Ps 25

### line 843: *Júdica me, Dómine, quóniam ego in innocéntia mea ingréssus sum* (25:1; Introit of Quad2-1)
    PT: *Julgai-me, Senhor, porque eu andei na minha inocência*
    ST: open — Ps 25
    25:1     Julgai-me, Senhor, porque eu andei na minha inocência: * e, esperando no Senhor, não me enfraquecerei.

### line 844: *Dóminus illuminátio mea, et salus mea: quem timébo?* (26:1; the Monday Prime antiphon *Illuminátio mea * et salus mea Dóminus*, Psalmi minor.txt; Introits Pent
    PT: *O Senhor é a minha luz e a minha salvação: a quem temerei?* — the antiphon in its own order: *A minha luz * e a minha salvação é o Senhor*
    ST: open — Ps 26
    26:1     O Senhor é a minha luz e a minha salvação: * a quem temerei?

### line 845: *Credo vidére bona Dómini in terra vivéntium* (26:13; antiphon of the Office of the Dead and Holy Saturday, Commune/C9.txt, Quad6-6.txt)
    PT: *Creio que verei os bens do Senhor * na terra dos vivos*
    ST: open — Ps 26; **the Latinist's MAJOR (*Creio ver*) held**: *Creio ver* is heard as 'I think I see'
    26:13    Creio que verei os bens do Senhor * na terra dos vivos.

### line 846: *Exspécta Dóminum, viríliter age: et confortétur cor tuum, et sústine Dóminum* (26:14; Gradual of Tuesday in Passion Week, Quad5-2.txt)
    PT: *Aguarda o Senhor, porta-te como homem: * e que o teu coração se fortaleça, e espera pelo Senhor*
    ST: open — Ps 26 (HANDOFF Open 14)
    26:14    Aguarda o Senhor, porta-te como homem: * e que o teu coração se fortaleça, e espera pelo Senhor.

### line 847: *Insurrexérunt in me testes iníqui. R. Et mentíta est iníquitas sibi* (26:12b; the Passiontide responsory, Quad6-5.txt, Minor Special.txt)
    PT: *Levantaram-se contra mim testemunhas iníquas. R. E a iniquidade mentiu a si mesma.*
    ST: open — Ps 26

### line 848: *Salvum fac pópulum tuum, Dómine, et bénedic hereditáti tuæ. R. Et rege eos, et extólle illos usque in ætérnum* (27:9; the Te Deum's close and the Preces, Commo
    PT: *Salvai o vosso povo, Senhor, e bendizei a vossa herança. R. E regei-os, e erguei-os para todo o sempre.*
    ST: open — Ps 27; each colon stands alone as V and R

### line 849: *usque in ætérnum* (27:9, 48:20, 88:4, 102:17 *ab ætérno, et usque in ætérnum*)
    PT: *para todo o sempre* — *usque* ('all the way') carried by *todo*, D23's *para sempre* kept inside
    ST: open — Ps 27
    27:9     Salvai o vosso povo, Senhor, e bendizei a vossa herança: * e regei-os, e erguei-os para todo o sempre.

### line 850: *Ad te, Dómine, clamábo, Deus meus, ne síleas a me* (27:1; Introit of Pentecost VI, Pent06-0.txt)
    PT: *A vós, Senhor, clamarei, meu Deus, não fiqueis em silêncio comigo*
    ST: open — Ps 27
    27:1     A vós, Senhor, clamarei, meu Deus, não fiqueis em silêncio comigo: * para que não vos caleis comigo, nem eu me torne semelhante aos que descem à cova.

### line 851: *In te, Dómine, sperávi, non confúndar in ætérnum* (30:2a = 70:1a; the Te Deum's last line, Common/Prayers.txt: *In te, Dómine, sperávi: * non confúndar in ætér
    PT: *Em vós, Senhor, esperei: para sempre não serei envergonhado*
    ST: open — Ps 30 (decision `confundar`; D15, D23). 70:1 continues *in justítia tua líbera me, et éripe me*
    30:2     Em vós, Senhor, esperei: para sempre não serei envergonhado: * livrai-me na vossa justiça.

### line 852: *In manus tuas comméndo spíritum meum: redemísti me, Dómine, Deus veritátis* (30:6; the Compline short responsory, Special/Minor Special.txt: *R.br. In manus tu
    PT: *Nas vossas mãos entrego o meu espírito: vós me resgatastes, Senhor, Deus da verdade* — responsory: *Nas vossas mãos, Senhor, * entrego o meu espírito. V. Vós nos resgatastes, Senhor, Deus da verdade*
    ST: open — Ps 30
    30:6     Nas vossas mãos entrego o meu espírito: * vós me resgatastes, Senhor, Deus da verdade.

### line 853: *Illústra / Illúmina fáciem tuam super servum tuum* (30:17a; 118:135a *Fáciem tuam illúmina super servum tuum*; one Greek, ἐπίφανον)
    PT: *Iluminai a vossa face sobre o vosso servo*
    ST: open — Ps 30 (= 118:135)
    118:135  Iluminai a vossa face sobre o vosso servo: * e ensinai-me os vossos preceitos.

### line 854: *In tua justítia * líbera me, Dómine* (the Monday Sext antiphon, Psalmi minor.txt; from 30:2b)
    PT: *Na vossa justiça * livrai-me, Senhor* (the psalm verse says *livrai-me na vossa justiça*)
    ST: open — Ps 30

### line 855: *Quam magna multitúdo dulcédinis tuæ, Dómine, quam abscondísti timéntibus te … Perfecísti eis, qui sperant in te* (30:20–20b; the Epiphany II responsory, Tempor
    PT: *Como é grande, Senhor, a multidão da vossa doçura, que escondestes para os que vos temem! … Vós a aperfeiçoastes para os que esperam em vós*
    ST: open — Ps 30
    30:20    Como é grande, Senhor, a multidão da vossa doçura, * que escondestes para os que vos temem!
    30:20b   Vós a aperfeiçoastes para os que esperam em vós, * à vista dos filhos dos homens.

### line 856: *Viríliter ágite, et confortétur cor vestrum, omnes, qui sperátis in Dómino* (30:25; a versicle in Sancti/Urbis/11-29; cf. 26:14)
    PT: *Portai-vos como homens, e que o vosso coração se fortaleça, todos vós que esperais no Senhor*
    ST: open — Ps 30
    30:25    Portai-vos como homens, e que o vosso coração se fortaleça, * todos vós que esperais no Senhor.

### line 857: 30:2–3b ≈ 70:1–3 (*Inclína ad me aurem tuam* 70:2a; *Esto mihi in Deum protectórem* 70:3a, with *in locum munítum* for *in domum refúgii*)
    PT: Ps 70 copies Ps 30's words where the Latin is the same: *Inclinai para mim o vosso ouvido*; *Sede para mim um Deus protetor*
    ST: open — Ps 30
    30:3     Inclinai para mim o vosso ouvido, * apressai-vos a libertar-me.
    30:3b    Sede para mim um Deus protetor, e uma casa de refúgio: * para me salvardes.

### line 858: *Rectos decet * collaudátio* (32:1b; Matins antiphon, Psalmi matutinum)
    PT: *Aos retos * convém louvar*
    ST: open — Ps 32
    32:1     Exultai no Senhor, ó justos: * aos retos convém louvar.

### line 859: *Quóniam ipse dixit, et facta sunt: * ipse mandávit, et creáta sunt* (32:9; 148:5 the same but *Quia* for *Quóniam* — grep)
    PT: *Porque ele disse, e as coisas foram feitas: * ele ordenou, e foram criadas*
    ST: open — Ps 32; **148:5 should copy it**
    32:9     Porque ele disse, e as coisas foram feitas: * ele ordenou, e foram criadas.

### line 860: *Fiat misericórdia tua, Dómine, super nos: * quemádmodum sperávimus in te* (32:22; the Te Deum, Common/Prayers.txt, and the Preces versicle)
    PT: *Seja sobre nós, Senhor, a vossa misericórdia: * assim como esperamos em vós*
    ST: open — Ps 32; the stylist's best line
    32:22    Seja sobre nós, Senhor, a vossa misericórdia: * assim como esperamos em vós.

### line 861: *Misericórdia Dómini plena est terra: * verbo Dómini cæli firmáti sunt* (32:5b–6a; Introit of Easter II, Pasc2-0)
    PT: *a terra está cheia da misericórdia do Senhor … Pela palavra do Senhor os céus foram firmados*
    ST: open — Ps 32
    32:5     Ele ama a misericórdia e o juízo: * a terra está cheia da misericórdia do Senhor.

### line 862: *Gustáte, et vidéte quóniam suávis est Dóminus* (33:9; Communion of Pentecost VIII, Pent08-0; an Alleluia 10-03; antiphon in Pent02-5 — grep; 1 Pet 2:3 another 
    PT: *Provai, e vede que o Senhor é suave*
    ST: open — Ps 33
    33:9     Provai, e vede que o Senhor é suave: * bem-aventurado o homem que espera nele.

### line 863: *Immíttet Ángelus Dómini in circúitu timéntium eum: * et erípiet eos* (33:8; antiphon at Compline Feria IV, Psalmi minor.txt; 10-02; Communions Quad1-4, Pent14-
    PT: *O anjo do Senhor acampará ao redor dos que o temem: * e os libertará*
    ST: open — Ps 33
    33:8     O anjo do Senhor acampará ao redor dos que o temem: * e os libertará.

### line 864: *Óculi Dómini super justos: * et aures ejus in preces eórum. Vultus autem Dómini super faciéntes mala* (33:16–17a = 1 Pet 3:12, word for word in the Clementine,
    PT: *Os olhos do Senhor estão sobre os justos: * e os seus ouvidos, voltados para as preces deles. Mas o rosto do Senhor está sobre os que fazem o mal*
    ST: open — Ps 33
    33:16    Os olhos do Senhor estão sobre os justos: * e os seus ouvidos, voltados para as preces deles.

### line 865: *Divérte a malo, et fac bonum* (33:15a; 36:27a *Declína a malo, et fac bonum*, one Greek)
    PT: *Aparta-te do mal, e faz o bem*
    ST: open — Ps 33; **36:27 should copy it** **Ps 36:27a copies it:** *Aparta-te do mal, e faz o bem: * e habita pelos séculos
    33:15    Aparta-te do mal, e faz o bem: * procura a paz, e persegue-a.
    36:27    Aparta-te do mal, e faz o bem: * e habita pelos séculos dos séculos.

### line 866: *Beáti quorum remíssæ sunt iniquitátes: et quorum tecta sunt peccáta. Beátus vir, cui non imputávit Dóminus peccátum* (31:1–2a = Rom 4:7–8, Clementine fetched, 
    PT: *Bem-aventurados aqueles cujas iniquidades foram perdoadas: e cujos pecados foram cobertos. Bem-aventurado o homem a quem o Senhor não atribuiu pecado*
    ST: open — Ps 31 (the second Penitential Psalm by tradition; the list of seven not found in DO, unverified on disk)

### line 867: *Exsultáte, justi, * et gloriámini, omnes recti corde* (the Monday None antiphon of Ps 31, 32(1-11), 32(12-22), Psalmi minor.txt; adapts 31:11)
    PT: *Exultai, justos, * e gloriai-vos, todos os retos de coração* — from 31:11 *Alegrai-vos no Senhor e exultai, ó justos, * e gloriai-vos, todos os retos de coração*
    ST: open — Ps 31 (the antiphon drops *ó* at its head as the Latin drops *Lætámini in Dómino*; Ps 32's agent owns 32:1 *Exsul
    31:11    Alegrai-vos no Senhor e exultai, ó justos, * e gloriai-vos, todos os retos de coração.
    32:1     Exultai no Senhor, ó justos: * aos retos convém louvar.

### line 868: *Lætámini in Dómino et exsultáte, justi, et gloriámini, omnes recti corde* (31:11; All Saints antiphon, horas/Sancti/11-01.txt with Ps 31, asterisk after *Dómin
    PT: *Alegrai-vos no Senhor e exultai, ó justos, e gloriai-vos, todos os retos de coração*
    ST: open — Ps 31
    31:11    Alegrai-vos no Senhor e exultai, ó justos, * e gloriai-vos, todos os retos de coração.

### line 869: *Confundántur et revereántur, * quæréntes / qui quærunt ánimam meam* (34:4; 69:3; 39:15 with *simul* and *ut áuferant eam*)
    PT: *Sejam envergonhados e desonrados, * os que buscam a minha alma*
    ST: working (Ps 34)
    34:4     Sejam envergonhados e desonrados, * os que buscam a minha alma.

### line 870: *Avertántur retrórsum, et confundántur / erubéscant* (34:4b; 69:4)
    PT: *Voltem para trás, e sejam envergonhados / e corem*
    ST: working (Ps 34)

### line 871: *Júdica, Dómine, nocéntes me, * expúgna impugnántes me* (34:1; Introit / Tract of Passion Monday; the Tuesday Matins antiphon *Expúgna, Dómine, * impugnántes me
    PT: *Julgai, Senhor, os que me fazem mal, * combatei os que me combatem*
    ST: working (Ps 34)
    34:1     Julgai, Senhor, os que me fazem mal, * combatei os que me combatem.

### line 872: *V. Lingua mea meditábitur justítiam tuam. R. Tota die laudem tuam, Dómine* (34:28, the Tuesday Matins versicle)
    PT: *A minha língua meditará a vossa justiça. R. O vosso louvor o dia todo, Senhor*
    ST: working (Ps 34)

### line 873: *Vidísti, Dómine, ne síleas: * Dómine, ne discédas a me* (34:22; a Passiontide responsory)
    PT: *Vós vistes, Senhor, não fiqueis em silêncio: * Senhor, não vos afasteis de mim*
    ST: working (Ps 34)
    34:22    Vós vistes, Senhor, não fiqueis em silêncio: * Senhor, não vos afasteis de mim.

### line 874: *Delectáre in Dómino: * et dabit tibi petitiónes cordis tui* (36:4; the monastic Matins versicle, Psalmi matutinum.txt; the Alleluia of 01-31 has 36:4–5 — grep)
    PT: *Deleita-te no Senhor: * e ele te dará as petições do teu coração*
    ST: open — Ps 36; the stylist asked *concederá os pedidos* (refused: petítio → petição, 19:7a)
    36:4     Deleita-te no Senhor: * e ele te dará as petições do teu coração.

### line 875: *Exspécta Dóminum, et custódi viam ejus: et exaltábit te ut hereditáte cápias terram* (36:34; the Tuesday Matins versicle *V. Exspécta Dóminum, et custódi viam 
    PT: *Aguarda o Senhor, e guarda o seu caminho: e te exaltará, para que tomes a terra por herança* — as versicle: *R. Ele te exaltará, para que tomes a terra por herança*
    ST: open — Ps 36
    36:34    Aguarda o Senhor, e guarda o seu caminho: e te exaltará, para que tomes a terra por herança: * quando os pecadores perecerem, verás.

### line 876: *Os justi meditábitur sapiéntiam, et lingua ejus loquétur judícium. Lex Dei ejus in corde ipsíus: et non supplantabúntur gressus ejus* (36:30–31; Commune C4a, C
    PT: *A boca do justo meditará a sabedoria, * e a sua língua falará o juízo. A lei do seu Deus está no seu coração, * e os seus passos não serão derrubados*
    ST: open — Ps 36

### line 877: *Salus autem justórum a Dómino: * et protéctor eórum in témpore tribulatiónis* (36:39; Commune C3a-1, grep)
    PT: *A salvação dos justos, porém, vem do Senhor: * e ele é o protetor deles no tempo da tribulação*
    ST: open — Ps 36
    36:39    A salvação dos justos, porém, vem do Senhor: * e ele é o protetor deles no tempo da tribulação.

### line 878: *Custódi innocéntiam, et vide æquitátem* (36:37a; the Tuesday Matins antiphon)
    PT: *Guarda a inocência, e vê a equidade*
    ST: open — Ps 36
    36:37    Guarda a inocência, e vê a equidade: * porque há um resto para o homem de paz.

### line 879: *V. Dómine, in cælo misericórdia tua. R. Et véritas tua usque ad nubes* (35:6; the Wednesday Matins versicle; *Dómine, * in cælo misericórdia tua* the Wednesday
    PT: *Senhor, no céu está a vossa misericórdia. R. E a vossa verdade, até as nuvens*
    ST: working (Ps 35) — the ellipsis kept so the response reads alone; the stylist's *chega até* is an option

### line 880: *non est timor Dei ante óculos eórum / ejus* (13:3d; 35:2b)
    PT: *não há temor de Deus diante dos seus olhos*
    ST: working (Pss 13, 35)
