## peccatores intenderunt arcum
   10:3     Quóniam ecce peccatóres intendérunt arcum, † paravérunt sagíttas suas in pháretra, * ut sagíttent in obscúro rectos corde.
            Porque eis que os pecadores armaram o arco, † prepararam as suas setas na aljava, * para flecharem no escuro os retos de coração.
   36:14    Gládium evaginavérunt peccatóres: * intendérunt arcum suum,
            Os pecadores desembainharam a espada: * armaram o seu arco,
## templo sancto suo
   10:5a    Dóminus in templo sancto suo, * Dóminus in cælo sedes ejus.
            O Senhor está no seu templo santo, * o Senhor tem no céu o seu trono.
   17:7b    Et exaudívit de templo sancto suo vocem meam: * et clamor meus in conspéctu ejus, introívit in aures ejus.
            E do seu templo santo ele escutou a minha voz, * e o meu clamor, na sua presença, entrou nos seus ouvidos.
## in pauperem respiciunt
   10:5b    Óculi ejus in páuperem respíciunt: * pálpebræ ejus intérrogant fílios hóminum.
            Os seus olhos estão voltados para o pobre: * as suas pálpebras interrogam os filhos dos homens.
   9:30a    Óculi ejus in páuperem respíciunt: * insidiátur in abscóndito, quasi leo in spelúnca sua.
            Os seus olhos estão voltados para o pobre: * arma emboscada às escondidas, como leão no seu covil.
## in saeculum misericordia | saeculum misericordia ejus
   117:1    Confitémini Dómino quóniam bonus: * quóniam in sǽculum misericórdia ejus.
            Dai graças ao Senhor, porque ele é bom: * porque é para sempre a sua misericórdia.
   117:2    Dicat nunc Israël quóniam bonus: * quóniam in sǽculum misericórdia ejus.
            Diga agora Israel: porque ele é bom, * porque é para sempre a sua misericórdia.
   117:29   Confitémini Dómino quóniam bonus: * quóniam in sǽculum misericórdia ejus.
            Dai graças ao Senhor, porque ele é bom: * porque é para sempre a sua misericórdia.
   117:3    Dicat nunc domus Aaron: * quóniam in sǽculum misericórdia ejus.
            Diga agora a casa de Aarão: * porque é para sempre a sua misericórdia.
   117:4    Dicant nunc qui timent Dóminum: * quóniam in sǽculum misericórdia ejus.
            Digam agora os que temem o Senhor: * porque é para sempre a sua misericórdia.
## confitemini domino quoniam | domino quoniam bonus
   117:1    Confitémini Dómino quóniam bonus: * quóniam in sǽculum misericórdia ejus.
            Dai graças ao Senhor, porque ele é bom: * porque é para sempre a sua misericórdia.
   117:29   Confitémini Dómino quóniam bonus: * quóniam in sǽculum misericórdia ejus.
            Dai graças ao Senhor, porque ele é bom: * porque é para sempre a sua misericórdia.
## domini quia ultus | nomine domini quia | quia ultus sum | sum in eos
   117:10   Omnes gentes circuiérunt me: * et in nómine Dómini quia ultus sum in eos.
            Todas as nações me rodearam: * e foi em nome do Senhor que me vinguei deles.
   117:11   Circumdántes circumdedérunt me: * et in nómine Dómini quia ultus sum in eos.
            Cercando-me, eles me cercaram: * e foi em nome do Senhor que me vinguei deles.
   117:12   Circumdedérunt me sicut apes, † et exarsérunt sicut ignis in spinis: * et in nómine Dómini quia ultus sum in eos.
            Cercaram-me como abelhas, † e se inflamaram como fogo em espinhos: * e foi em nome do Senhor que me vinguei deles.
## in nomine domini
   117:10   Omnes gentes circuiérunt me: * et in nómine Dómini quia ultus sum in eos.
            Todas as nações me rodearam: * e foi em nome do Senhor que me vinguei deles.
   117:11   Circumdántes circumdedérunt me: * et in nómine Dómini quia ultus sum in eos.
            Cercando-me, eles me cercaram: * e foi em nome do Senhor que me vinguei deles.
   117:12   Circumdedérunt me sicut apes, † et exarsérunt sicut ignis in spinis: * et in nómine Dómini quia ultus sum in eos.
            Cercaram-me como abelhas, † e se inflamaram como fogo em espinhos: * e foi em nome do Senhor que me vinguei deles.
   117:25   O Dómine, salvum me fac, † o Dómine, bene prosperáre: * (26a) benedíctus qui venit in nómine Dómini.
            Ó Senhor, salvai-me, † ó Senhor, fazei prosperar bem: * bendito o que vem em nome do Senhor.
   19:8     Hi in cúrribus, et hi in equis: * nos autem in nómine Dómini, Dei nostri invocábimus.
            Uns em carros de guerra, e outros em cavalos: * nós, porém, invocaremos em nome do Senhor, nosso Deus.
## dominus suscepit me
   117:13   Impúlsus evérsus sum ut cáderem: * et Dóminus suscépit me.
            Empurrado, fui derrubado para cair: * e o Senhor me amparou.
   3:6      Ego dormívi, et soporátus sum: * et exsurréxi, quia Dóminus suscépit me.
            Eu dormi, e fui tomado pelo sono: * e me levantei, porque o Senhor me amparou.
## et factus es | factus es mihi
   117:21   Confitébor tibi quóniam exaudísti me: * et factus es mihi in salútem.
            Eu vos darei graças, porque me escutastes: * e vos fizestes salvação para mim.
   117:28b  Confitébor tibi quóniam exaudísti me * et factus es mihi in salútem.
            Eu vos darei graças, porque me escutastes * e vos fizestes salvação para mim.
## salvum me fac
   117:25   O Dómine, salvum me fac, † o Dómine, bene prosperáre: * (26a) benedíctus qui venit in nómine Dómini.
            Ó Senhor, salvai-me, † ó Senhor, fazei prosperar bem: * bendito o que vem em nome do Senhor.
   118:146  Clamávi ad te, salvum me fac: * ut custódiam mandáta tua.
            Clamei a vós, salvai-me: * para que eu guarde os vossos mandamentos.
   118:94   Tuus sum ego, salvum me fac: * quóniam justificatiónes tuas exquisívi.
            Eu sou vosso, salvai-me: * porque procurei os vossos preceitos.
   11:2     Salvum me fac, Dómine, quóniam defécit sanctus: * quóniam diminútæ sunt veritátes a fíliis hóminum.
            Salvai-me, Senhor, porque já não há santo: * porque diminuíram as verdades entre os filhos dos homens.
   30:17    Illústra fáciem tuam super servum tuum, salvum me fac in misericórdia tua: * Dómine, non confúndar, quóniam invocávi te.
            Iluminai a vossa face sobre o vosso servo, salvai-me na vossa misericórdia: * Senhor, não serei envergonhado, porque vos invoquei.
   3:7      Non timébo míllia pópuli circumdántis me: * exsúrge, Dómine, salvum me fac, Deus meus.
            Não temerei o povo que me cerca aos milhares: * levantai-vos, Senhor, salvai-me, meu Deus.
   53:3     Deus, in nómine tuo salvum me fac: * et in virtúte tua júdica me.
            Deus, no vosso nome salvai-me: * e julgai-me no vosso poder.
   6:5      Convértere, Dómine, et éripe ánimam meam: * salvum me fac propter misericórdiam tuam.
            Voltai-vos, Senhor, e libertai a minha alma: * salvai-me por causa da vossa misericórdia.
   7:2      Dómine, Deus meus, in te sperávi: * salvum me fac ex ómnibus persequéntibus me, et líbera me.
            Senhor, meu Deus, em vós esperei: * salvai-me de todos os que me perseguem, e livrai-me.
## domine salvum me
   117:25   O Dómine, salvum me fac, † o Dómine, bene prosperáre: * (26a) benedíctus qui venit in nómine Dómini.
            Ó Senhor, salvai-me, † ó Senhor, fazei prosperar bem: * bendito o que vem em nome do Senhor.
   3:7      Non timébo míllia pópuli circumdántis me: * exsúrge, Dómine, salvum me fac, Deus meus.
            Não temerei o povo que me cerca aos milhares: * levantai-vos, Senhor, salvai-me, meu Deus.
## es tu et
   117:28a  Deus meus es tu, et confitébor tibi: * Deus meus es tu, et exaltábo te.
            Vós sois o meu Deus, e eu vos darei graças: * vós sois o meu Deus, e eu vos exaltarei.
   118:114  Adjútor et suscéptor meus es tu: * et in verbum tuum supersperávi.
            Vós sois o meu auxílio e o meu amparo: * e pus toda a esperança na vossa palavra.
   118:68   Bonus es tu: * et in bonitáte tua doce me justificatiónes tuas.
            Bom sois vós: * e na vossa bondade ensinai-me os vossos preceitos.
   30:4     Quóniam fortitúdo mea, et refúgium meum es tu: * et propter nomen tuum dedúces me, et enútries me.
            Porque vós sois a minha força e o meu refúgio: * e por causa do vosso nome me guiareis, e me nutrireis.
   90:2     Dicet Dómino: Suscéptor meus es tu, et refúgium meum: * Deus meus sperábo in eum.
            Dirá ao Senhor: Vós sois o meu amparo e o meu refúgio: * o meu Deus, nele esperarei.
## meus es tu
   117:28a  Deus meus es tu, et confitébor tibi: * Deus meus es tu, et exaltábo te.
            Vós sois o meu Deus, e eu vos darei graças: * vós sois o meu Deus, e eu vos exaltarei.
   118:114  Adjútor et suscéptor meus es tu: * et in verbum tuum supersperávi.
            Vós sois o meu auxílio e o meu amparo: * e pus toda a esperança na vossa palavra.
   15:1     Consérva me, Dómine, quóniam sperávi in te. ‡ (2) Dixi Dómino: Deus meus es tu, * quóniam bonórum meórum non eges.
            Conservai-me, Senhor, porque em vós esperei. ‡ Eu disse ao Senhor: Vós sois o meu Deus, * porque não precisais dos meus bens.
   21:11    De ventre matris meæ Deus meus es tu, * ne discésseris a me:
            Desde o ventre da minha mãe vós sois o meu Deus, * não vos afasteis de mim:
   2:7      Dóminus dixit ad me: * Fílius meus es tu, ego hódie génui te.
            O Senhor me disse: * Tu és meu Filho, eu hoje te gerei.
   30:15    Ego autem in te sperávi, Dómine: * dixi: Deus meus es tu: in mánibus tuis sortes meæ.
            Eu, porém, esperei em vós, Senhor: * disse: Vós sois o meu Deus: nas vossas mãos estão as minhas sortes.
   90:2     Dicet Dómino: Suscéptor meus es tu, et refúgium meum: * Deus meus sperábo in eum.
            Dirá ao Senhor: Vós sois o meu amparo e o meu refúgio: * o meu Deus, nele esperarei.
## deus meus es
   117:28a  Deus meus es tu, et confitébor tibi: * Deus meus es tu, et exaltábo te.
            Vós sois o meu Deus, e eu vos darei graças: * vós sois o meu Deus, e eu vos exaltarei.
   15:1     Consérva me, Dómine, quóniam sperávi in te. ‡ (2) Dixi Dómino: Deus meus es tu, * quóniam bonórum meórum non eges.
            Conservai-me, Senhor, porque em vós esperei. ‡ Eu disse ao Senhor: Vós sois o meu Deus, * porque não precisais dos meus bens.
   21:11    De ventre matris meæ Deus meus es tu, * ne discésseris a me:
            Desde o ventre da minha mãe vós sois o meu Deus, * não vos afasteis de mim:
   30:15    Ego autem in te sperávi, Dómine: * dixi: Deus meus es tu: in mánibus tuis sortes meæ.
            Eu, porém, esperei em vós, Senhor: * disse: Vós sois o meu Deus: nas vossas mãos estão as minhas sortes.
## invocavi dominum et
   117:5    De tribulatióne invocávi Dóminum: * et exaudívit me in latitúdine Dóminus.
            Da tribulação invoquei o Senhor: * e o Senhor me escutou na amplidão.
   17:7a    In tribulatióne mea invocávi Dóminum, * et ad Deum meum clamávi.
            Na minha tribulação invoquei o Senhor, * e clamei ao meu Deus.
## dominum et exaudivit
   117:5    De tribulatióne invocávi Dóminum: * et exaudívit me in latitúdine Dóminus.
            Da tribulação invoquei o Senhor: * e o Senhor me escutou na amplidão.
   33:5     Exquisívi Dóminum, et exaudívit me: * et ex ómnibus tribulatiónibus meis erípuit me.
            Procurei o Senhor, e ele me escutou: * e me arrancou de todas as minhas tribulações.
## dominus mihi adjutor
   117:6    Dóminus mihi adjútor: * non timébo quid fáciat mihi homo.
            O Senhor é o meu auxílio: * não temerei o que me faça o homem.
   117:7    Dóminus mihi adjútor: * et ego despíciam inimícos meos.
            O Senhor é o meu auxílio: * e eu olharei de cima os meus inimigos.
## in domino quam
   117:8    Bonum est confídere in Dómino, * quam confídere in hómine:
            É melhor confiar no Senhor, * do que confiar no homem:
   117:9    Bonum est speráre in Dómino, * quam speráre in princípibus.
            É melhor esperar no Senhor, * do que esperar nos príncipes.
## in lege domini
   118:1    (Aleph) Beáti immaculáti in via: * qui ámbulant in lege Dómini.
            Bem-aventurados os imaculados no caminho: * os que andam na lei do Senhor.
   1:2      Sed in lege Dómini volúntas ejus, * et in lege ejus meditábitur die ac nocte.
            Mas a sua vontade está na lei do Senhor, * e na sua lei meditará dia e noite.
## a mandatis tuis
   118:10   In toto corde meo exquisívi te: * ne repéllas me a mandátis tuis.
            De todo o meu coração vos procurei: * não me afasteis dos vossos mandamentos.
   118:104  A mandátis tuis intelléxi: * proptérea odívi omnem viam iniquitátis.
            Pelos vossos mandamentos entendi: * por isso odiei todo caminho de iniquidade.
   118:21   Increpásti supérbos: * maledícti qui declínant a mandátis tuis.
            Repreendestes os soberbos: * malditos os que se apartam dos vossos mandamentos.
## in toto corde
   118:10   In toto corde meo exquisívi te: * ne repéllas me a mandátis tuis.
            De todo o meu coração vos procurei: * não me afasteis dos vossos mandamentos.
   118:145  (Coph) Clamávi in toto corde meo, exáudi me, Dómine: * justificatiónes tuas requíram.
            Clamei de todo o meu coração, escutai-me, Senhor: * procurarei os vossos preceitos.
   118:2    Beáti, qui scrutántur testimónia ejus: * in toto corde exquírunt eum.
            Bem-aventurados os que sondam os seus testemunhos: * de todo o coração o procuram.
   118:34   Da mihi intelléctum, et scrutábor legem tuam: * et custódiam illam in toto corde meo.
            Dai-me entendimento, e sondarei a vossa lei: * e a guardarei de todo o meu coração.
   118:58   Deprecátus sum fáciem tuam in toto corde meo: * miserére mei secúndum elóquium tuum.
            Supliquei a vossa face de todo o meu coração: * tende piedade de mim segundo o que dissestes.
   118:69   Multiplicáta est super me iníquitas superbórum: * ego autem in toto corde meo scrutábor mandáta tua.
            A iniquidade dos soberbos multiplicou-se sobre mim: * mas eu, de todo o meu coração, sondarei os vossos mandamentos.
   9:2      Confitébor tibi, Dómine, in toto corde meo: * narrábo ómnia mirabília tua.
            Eu vos darei graças, Senhor, de todo o meu coração: * narrarei todas as vossas maravilhas.
## toto corde meo
   118:10   In toto corde meo exquisívi te: * ne repéllas me a mandátis tuis.
            De todo o meu coração vos procurei: * não me afasteis dos vossos mandamentos.
   118:145  (Coph) Clamávi in toto corde meo, exáudi me, Dómine: * justificatiónes tuas requíram.
            Clamei de todo o meu coração, escutai-me, Senhor: * procurarei os vossos preceitos.
   118:34   Da mihi intelléctum, et scrutábor legem tuam: * et custódiam illam in toto corde meo.
            Dai-me entendimento, e sondarei a vossa lei: * e a guardarei de todo o meu coração.
   118:58   Deprecátus sum fáciem tuam in toto corde meo: * miserére mei secúndum elóquium tuum.
            Supliquei a vossa face de todo o meu coração: * tende piedade de mim segundo o que dissestes.
   118:69   Multiplicáta est super me iníquitas superbórum: * ego autem in toto corde meo scrutábor mandáta tua.
            A iniquidade dos soberbos multiplicou-se sobre mim: * mas eu, de todo o meu coração, sondarei os vossos mandamentos.
   9:2      Confitébor tibi, Dómine, in toto corde meo: * narrábo ómnia mirabília tua.
            Eu vos darei graças, Senhor, de todo o meu coração: * narrarei todas as vossas maravilhas.
## a judiciis tuis
   118:102  A judíciis tuis non declinávi: * quia tu legem posuísti mihi.
            Não me apartei dos vossos juízos: * porque vós me impusestes uma lei.
   118:118  Sprevísti omnes discedéntes a judíciis tuis: * quia injústa cogitátio eórum.
            Desprezastes todos os que se afastam dos vossos juízos: * porque o pensamento deles é injusto.
## tuis non declinavi
   118:102  A judíciis tuis non declinávi: * quia tu legem posuísti mihi.
            Não me apartei dos vossos juízos: * porque vós me impusestes uma lei.
   118:157  Multi qui persequúntur me, et tríbulant me: * a testimóniis tuis non declinávi.
            Muitos são os que me perseguem e me atribulam: * não me apartei dos vossos testemunhos.
## judicia justitiae tuae
   118:106  Jurávi, et státui * custodíre judícia justítiæ tuæ.
            Jurei, e resolvi * guardar os juízos da vossa justiça.
   118:160  Princípium verbórum tuórum, véritas: * in ætérnum ómnia judícia justítiæ tuæ.
            O princípio das vossas palavras é verdade: * todos os juízos da vossa justiça são para sempre.
   118:164  Sépties in die laudem dixi tibi, * super judícia justítiæ tuæ.
            Sete vezes por dia vos dei louvor, * pelos juízos da vossa justiça.
   118:7    Confitébor tibi in directióne cordis: * in eo quod dídici judícia justítiæ tuæ.
            Eu vos darei graças na retidão do coração: * por ter aprendido os juízos da vossa justiça.
## me secundum verbum | vivifica me secundum
   118:107  Humiliátus sum usquequáque, Dómine: * vivífica me secúndum verbum tuum.
            Fui de todo humilhado, Senhor: * vivificai-me segundo a vossa palavra.
   118:25   (Daleth) Adhǽsit paviménto ánima mea: * vivífica me secúndum verbum tuum.
            A minha alma apegou-se ao chão: * vivificai-me segundo a vossa palavra.
## secundum verbum tuum
   118:107  Humiliátus sum usquequáque, Dómine: * vivífica me secúndum verbum tuum.
            Fui de todo humilhado, Senhor: * vivificai-me segundo a vossa palavra.
   118:25   (Daleth) Adhǽsit paviménto ánima mea: * vivífica me secúndum verbum tuum.
            A minha alma apegou-se ao chão: * vivificai-me segundo a vossa palavra.
   118:65   (Teth) Bonitátem fecísti cum servo tuo, Dómine, * secúndum verbum tuum.
            Usastes de bondade com o vosso servo, Senhor, * segundo a vossa palavra.
   2:29     Nunc dimíttis + servum tuum, Dómine, * secúndum verbum tuum in pace:
            Agora deixais ir + o vosso servo, Senhor, * segundo a vossa palavra, em paz:
## non sum oblitus
   118:109  Ánima mea in mánibus meis semper: * et legem tuam non sum oblítus.
            A minha alma está sempre nas minhas mãos: * e não esqueci a vossa lei.
   118:141  Adolescéntulus sum ego et contémptus: * justificatiónes tuas non sum oblítus.
            Eu sou muito jovem e desprezado: * não esqueci os vossos preceitos.
   118:153  (Res) Vide humilitátem meam, et éripe me: * quia legem tuam non sum oblítus.
            Vede a minha humilhação, e libertai-me: * porque não esqueci a vossa lei.
   118:176  Errávi, sicut ovis, quæ périit: * quære servum tuum, quia mandáta tua non sum oblítus.
            Extraviei-me como ovelha que se perdeu: * buscai o vosso servo, porque não esqueci os vossos mandamentos.
   118:30   Viam veritátis elégi: * judícia tua non sum oblítus.
            Escolhi o caminho da verdade: * não esqueci os vossos juízos.
   118:61   Funes peccatórum circumpléxi sunt me: * et legem tuam non sum oblítus.
            As cordas dos pecadores me envolveram: * e não esqueci a vossa lei.
   118:83   Quia factus sum sicut uter in pruína: * justificatiónes tuas non sum oblítus.
            Porque me tornei como um odre na geada: * não esqueci os vossos preceitos.
## in manibus meis
   118:109  Ánima mea in mánibus meis semper: * et legem tuam non sum oblítus.
            A minha alma está sempre nas minhas mãos: * e não esqueci a vossa lei.
   7:4      Dómine, Deus meus, si feci istud, * si est iníquitas in mánibus meis:
            Senhor, meu Deus, se fiz isto, * se há iniquidade nas minhas mãos:
## in corde meo
   118:11   In corde meo abscóndi elóquia tua: * ut non peccem tibi.
            No meu coração escondi o que dissestes: * para não pecar contra vós.
   12:2     Quámdiu ponam consília in ánima mea, * dolórem in corde meo per diem?
            Até quando hei de pôr conselhos na minha alma, * e dor no meu coração durante o dia?
   4:7      Signátum est super nos lumen vultus tui, Dómine: * dedísti lætítiam in corde meo.
            A luz do vosso rosto está marcada sobre nós, Senhor: * destes alegria no meu coração.
## justificationes tuas in
   118:112  Inclinávi cor meum ad faciéndas justificatiónes tuas in ætérnum, * propter retributiónem.
            Inclinei o meu coração para cumprir os vossos preceitos para sempre, * por causa da retribuição.
   118:20   Concupívit ánima mea desideráre justificatiónes tuas, * in omni témpore.
            A minha alma ansiou por desejar os vossos preceitos, * em todo tempo.
## odio habui et
   118:113  (Samech) Iníquos ódio hábui: * et legem tuam diléxi.
            Aos iníquos tive ódio: * e amei a vossa lei.
   118:163  Iniquitátem ódio hábui, et abominátus sum: * legem autem tuam diléxi.
            Odiei e abominei a iniquidade: * mas amei a vossa lei.
## verbum tuum supersperavi
   118:114  Adjútor et suscéptor meus es tu: * et in verbum tuum supersperávi.
            Vós sois o meu auxílio e o meu amparo: * e pus toda a esperança na vossa palavra.
   118:81   (Caph) Defécit in salutáre tuum ánima mea: * et in verbum tuum supersperávi.
            A minha alma desfaleceu à espera da vossa salvação: * e pus toda a esperança na vossa palavra.
## et susceptor meus
   118:114  Adjútor et suscéptor meus es tu: * et in verbum tuum supersperávi.
            Vós sois o meu auxílio e o meu amparo: * e pus toda a esperança na vossa palavra.
   17:3c    Protéctor meus, et cornu salútis meæ, * et suscéptor meus.
            O meu protetor, e o chifre da minha salvação, * e o meu amparo.
## susceptor meus es
   118:114  Adjútor et suscéptor meus es tu: * et in verbum tuum supersperávi.
            Vós sois o meu auxílio e o meu amparo: * e pus toda a esperança na vossa palavra.
   3:4      Tu autem, Dómine, suscéptor meus es, * glória mea, et exáltans caput meum.
            Vós, porém, Senhor, sois o meu amparo, * a minha glória, e quem exalta a minha cabeça.
   90:2     Dicet Dómino: Suscéptor meus es tu, et refúgium meum: * Deus meus sperábo in eum.
            Dirá ao Senhor: Vós sois o meu amparo e o meu refúgio: * o meu Deus, nele esperarei.
## secundum eloquium tuum
   118:116  Súscipe me secúndum elóquium tuum, et vivam: * et non confúndas me ab exspectatióne mea.
            Amparai-me segundo o que dissestes, e viverei: * e não me envergonheis pelo que aguardo.
   118:133  Gressus meos dírige secúndum elóquium tuum: * et non dominétur mei omnis injustítia.
            Endireitai os meus passos segundo o que dissestes: * e não me domine injustiça alguma.
   118:170  Intret postulátio mea in conspéctu tuo: * secúndum elóquium tuum éripe me.
            Entre o meu pedido na vossa presença: * segundo o que dissestes libertai-me.
   118:41   (Vav) Et véniat super me misericórdia tua, Dómine: * salutáre tuum secúndum elóquium tuum.
            E venha sobre mim a vossa misericórdia, Senhor: * a vossa salvação segundo o que dissestes.
   118:58   Deprecátus sum fáciem tuam in toto corde meo: * miserére mei secúndum elóquium tuum.
            Supliquei a vossa face de todo o meu coração: * tende piedade de mim segundo o que dissestes.
   118:76   Fiat misericórdia tua ut consolétur me, * secúndum elóquium tuum servo tuo.
            Seja a vossa misericórdia para me consolar, * segundo o que dissestes ao vosso servo.
## me secundum eloquium
   118:116  Súscipe me secúndum elóquium tuum, et vivam: * et non confúndas me ab exspectatióne mea.
            Amparai-me segundo o que dissestes, e viverei: * e não me envergonheis pelo que aguardo.
   118:76   Fiat misericórdia tua ut consolétur me, * secúndum elóquium tuum servo tuo.
            Seja a vossa misericórdia para me consolar, * segundo o que dissestes ao vosso servo.
## in justificationibus tuis
   118:117  Ádjuva me, et salvus ero: * et meditábor in justificatiónibus tuis semper.
            Auxiliai-me, e serei salvo: * e meditarei sempre nos vossos preceitos.
   118:16   In justificatiónibus tuis meditábor: * non oblivíscar sermónes tuos.
            Nos vossos preceitos meditarei: * não esquecerei as vossas palavras.
   118:23   Étenim sedérunt príncipes, et advérsum me loquebántur: * servus autem tuus exercebátur in justificatiónibus tuis.
            Pois os príncipes se sentaram e falavam contra mim: * mas o vosso servo se exercitava nos vossos preceitos.
   118:48   Et levávi manus meas ad mandáta tua, quæ diléxi: * et exercébar in justificatiónibus tuis.
            E levantei as minhas mãos para os vossos mandamentos, que eu amei: * e me exercitava nos vossos preceitos.
   118:80   Fiat cor meum immaculátum in justificatiónibus tuis, * ut non confúndar.
            Seja o meu coração imaculado nos vossos preceitos, * para eu não ser envergonhado.
## me justificationes tuas
   118:12   Benedíctus es, Dómine: * doce me justificatiónes tuas.
            Bendito sois, Senhor: * ensinai-me os vossos preceitos.
   118:135  Fáciem tuam illúmina super servum tuum: * et doce me justificatiónes tuas.
            Iluminai a vossa face sobre o vosso servo: * e ensinai-me os vossos preceitos.
   118:171  Eructábunt lábia mea hymnum, * cum docúeris me justificatiónes tuas.
            Os meus lábios farão jorrar um hino, * quando me ensinardes os vossos preceitos.
   118:26   Vias meas enuntiávi, et exaudísti me: * doce me justificatiónes tuas.
            Expus os meus caminhos, e me escutastes: * ensinai-me os vossos preceitos.
   118:68   Bonus es tu: * et in bonitáte tua doce me justificatiónes tuas.
            Bom sois vós: * e na vossa bondade ensinai-me os vossos preceitos.
## doce me justificationes
   118:12   Benedíctus es, Dómine: * doce me justificatiónes tuas.
            Bendito sois, Senhor: * ensinai-me os vossos preceitos.
   118:135  Fáciem tuam illúmina super servum tuum: * et doce me justificatiónes tuas.
            Iluminai a vossa face sobre o vosso servo: * e ensinai-me os vossos preceitos.
   118:26   Vias meas enuntiávi, et exaudísti me: * doce me justificatiónes tuas.
            Expus os meus caminhos, e me escutastes: * ensinai-me os vossos preceitos.
   118:68   Bonus es tu: * et in bonitáte tua doce me justificatiónes tuas.
            Bom sois vós: * e na vossa bondade ensinai-me os vossos preceitos.
## secundum misericordiam tuam
   118:124  Fac cum servo tuo secúndum misericórdiam tuam: * et justificatiónes tuas doce me.
            Tratai o vosso servo segundo a vossa misericórdia: * e ensinai-me os vossos preceitos.
   118:149  Vocem meam audi secúndum misericórdiam tuam, Dómine: * et secúndum judícium tuum vivífica me.
            Escutai a minha voz segundo a vossa misericórdia, Senhor: * e segundo o vosso juízo vivificai-me.
   118:88   Secúndum misericórdiam tuam vivífica me: * et custódiam testimónia oris tui.
            Segundo a vossa misericórdia vivificai-me: * e guardarei os testemunhos da vossa boca.
   24:7b    Secúndum misericórdiam tuam meménto mei tu: * propter bonitátem tuam, Dómine.
            Segundo a vossa misericórdia lembrai-vos vós de mim: * por causa da vossa bondade, Senhor.
## justificationes tuas doce | tuas doce me
   118:124  Fac cum servo tuo secúndum misericórdiam tuam: * et justificatiónes tuas doce me.
            Tratai o vosso servo segundo a vossa misericórdia: * e ensinai-me os vossos preceitos.
   118:64   Misericórdia tua, Dómine, plena est terra: * justificatiónes tuas doce me.
            A terra está cheia, Senhor, da vossa misericórdia: * ensinai-me os vossos preceitos.
## da mihi intellectum
   118:125  Servus tuus sum ego: * da mihi intelléctum, ut sciam testimónia tua.
            Eu sou o vosso servo: * dai-me entendimento, para que eu conheça os vossos testemunhos.
   118:169  (Thau) Appropínquet deprecátio mea in conspéctu tuo, Dómine: * juxta elóquium tuum da mihi intelléctum.
            Aproxime-se a minha prece da vossa presença, Senhor: * conforme o que dissestes dai-me entendimento.
   118:34   Da mihi intelléctum, et scrutábor legem tuam: * et custódiam illam in toto corde meo.
            Dai-me entendimento, e sondarei a vossa lei: * e a guardarei de todo o meu coração.
   118:73   (Joth) Manus tuæ fecérunt me, et plasmavérunt me: * da mihi intelléctum, et discam mandáta tua.
            As vossas mãos me fizeram e me moldaram: * dai-me entendimento, e aprenderei os vossos mandamentos.
## tuus sum ego
   118:125  Servus tuus sum ego: * da mihi intelléctum, ut sciam testimónia tua.
            Eu sou o vosso servo: * dai-me entendimento, para que eu conheça os vossos testemunhos.
   118:94   Tuus sum ego, salvum me fac: * quóniam justificatiónes tuas exquisívi.
            Eu sou vosso, salvai-me: * porque procurei os vossos preceitos.
## omnia mandata tua
   118:128  Proptérea ad ómnia mandáta tua dirigébar: * omnem viam iníquam ódio hábui.
            Por isso eu era dirigido para todos os vossos mandamentos: * a todo caminho iníquo tive ódio.
   118:172  Pronuntiábit lingua mea elóquium tuum: * quia ómnia mandáta tua ǽquitas.
            A minha língua pronunciará o que dissestes: * porque todos os vossos mandamentos são equidade.
   118:86   Ómnia mandáta tua véritas: * iníque persecúti sunt me, ádjuva me.
            Todos os vossos mandamentos são verdade: * iniquamente me perseguiram, auxiliai-me.
## miserere mei secundum
   118:132  Áspice in me, et miserére mei, * secúndum judícium diligéntium nomen tuum.
            Olhai para mim, e tende piedade de mim, * segundo o juízo dos que amam o vosso nome.
   118:58   Deprecátus sum fáciem tuam in toto corde meo: * miserére mei secúndum elóquium tuum.
            Supliquei a vossa face de todo o meu coração: * tende piedade de mim segundo o que dissestes.
## et miserere mei
   118:132  Áspice in me, et miserére mei, * secúndum judícium diligéntium nomen tuum.
            Olhai para mim, e tende piedade de mim, * segundo o juízo dos que amam o vosso nome.
   24:16    Réspice in me, et miserére mei: * quia únicus et pauper sum ego.
            Olhai para mim, e tende piedade de mim: * porque eu sou só e pobre.
   25:11    Ego autem in innocéntia mea ingréssus sum: * rédime me, et miserére mei.
            Mas eu andei na minha inocência: * resgatai-me, e tende piedade de mim.
## custodiam mandata tua | ut custodiam mandata
   118:134  Rédime me a calúmniis hóminum: * ut custódiam mandáta tua.
            Resgatai-me das calúnias dos homens: * para que eu guarde os vossos mandamentos.
   118:146  Clamávi ad te, salvum me fac: * ut custódiam mandáta tua.
            Clamei a vós, salvai-me: * para que eu guarde os vossos mandamentos.
   118:60   Parátus sum, et non sum turbátus: * ut custódiam mandáta tua.
            Estou preparado, e não fui perturbado: * para guardar os vossos mandamentos.
## justificationes tuas non
   118:141  Adolescéntulus sum ego et contémptus: * justificatiónes tuas non sum oblítus.
            Eu sou muito jovem e desprezado: * não esqueci os vossos preceitos.
   118:155  Longe a peccatóribus salus: * quia justificatiónes tuas non exquisiérunt.
            Longe dos pecadores está a salvação: * porque não procuraram os vossos preceitos.
   118:83   Quia factus sum sicut uter in pruína: * justificatiónes tuas non sum oblítus.
            Porque me tornei como um odre na geada: * não esqueci os vossos preceitos.
## tuas non sum
   118:141  Adolescéntulus sum ego et contémptus: * justificatiónes tuas non sum oblítus.
            Eu sou muito jovem e desprezado: * não esqueci os vossos preceitos.
   118:83   Quia factus sum sicut uter in pruína: * justificatiónes tuas non sum oblítus.
            Porque me tornei como um odre na geada: * não esqueci os vossos preceitos.
## exaudi me domine
   118:145  (Coph) Clamávi in toto corde meo, exáudi me, Dómine: * justificatiónes tuas requíram.
            Clamei de todo o meu coração, escutai-me, Senhor: * procurarei os vossos preceitos.
   12:3     Úsquequo exaltábitur inimícus meus super me? * (4a) réspice, et exáudi me, Dómine, Deus meus.
            Até quando o meu inimigo se exaltará sobre mim? * olhai, e escutai-me, Senhor, meu Deus.
## verba tua supersperavi
   118:147  Prævéni in maturitáte, et clamávi: * quia in verba tua supersperávi.
            Adiantei-me bem cedo, e clamei: * porque pus toda a esperança nas vossas palavras.
   118:74   Qui timent te vidébunt me, et lætabúntur: * quia in verba tua supersperávi.
            Os que vos temem me verão e se alegrarão: * porque pus toda a esperança nas vossas palavras.
## judicium tuum vivifica | secundum judicium tuum
   118:149  Vocem meam audi secúndum misericórdiam tuam, Dómine: * et secúndum judícium tuum vivífica me.
            Escutai a minha voz segundo a vossa misericórdia, Senhor: * e segundo o vosso juízo vivificai-me.
   118:156  Misericórdiæ tuæ multæ, Dómine: * secúndum judícium tuum vivífica me.
            Muitas são as vossas misericórdias, Senhor: * segundo o vosso juízo vivificai-me.
## in mandatis tuis
   118:15   In mandátis tuis exercébor: * et considerábo vias tuas.
            Nos vossos mandamentos me exercitarei: * e considerarei os vossos caminhos.
   118:47   Et meditábar in mandátis tuis, * quæ diléxi.
            E meditava nos vossos mandamentos, * que eu amei.
   118:78   Confundántur supérbi, quia injúste iniquitátem fecérunt in me: * ego autem exercébor in mandátis tuis.
            Envergonhem-se os soberbos, porque injustamente me trataram com iniquidade: * mas eu me exercitarei nos vossos mandamentos.
## a lege autem | lege autem tua
   118:150  Appropinquavérunt persequéntes me iniquitáti: * a lege autem tua longe facti sunt.
            Os que me perseguem aproximaram-se da iniquidade: * mas da vossa lei ficaram longe.
   118:51   Supérbi iníque agébant usquequáque: * a lege autem tua non declinávi.
            Os soberbos agiam com toda a iniquidade: * mas da vossa lei não me apartei.
## vide humilitatem meam
   118:153  (Res) Vide humilitátem meam, et éripe me: * quia legem tuam non sum oblítus.
            Vede a minha humilhação, e libertai-me: * porque não esqueci a vossa lei.
   24:18    Vide humilitátem meam, et labórem meum: * et dimítte univérsa delícta mea.
            Vede a minha humilhação e a minha fadiga: * e perdoai todas as minhas faltas.
   9:14     Miserére mei, Dómine: * vide humilitátem meam de inimícis meis.
            Tende piedade de mim, Senhor: * vede a minha humilhação que me vem dos meus inimigos.
## quia justificationes tuas
   118:155  Longe a peccatóribus salus: * quia justificatiónes tuas non exquisiérunt.
            Longe dos pecadores está a salvação: * porque não procuraram os vossos preceitos.
   118:56   Hæc facta est mihi: * quia justificatiónes tuas exquisívi.
            Isto me aconteceu: * porque procurei os vossos preceitos.
## mandata tua dilexi
   118:159  Vide quóniam mandáta tua diléxi, Dómine: * in misericórdia tua vivífica me.
            Vede que amei os vossos mandamentos, Senhor: * na vossa misericórdia vivificai-me.
   118:166  Exspectábam salutáre tuum, Dómine: * et mandáta tua diléxi.
            Eu aguardava a vossa salvação, Senhor: * e amei os vossos mandamentos.
## salutare tuum domine
   118:166  Exspectábam salutáre tuum, Dómine: * et mandáta tua diléxi.
            Eu aguardava a vossa salvação, Senhor: * e amei os vossos mandamentos.
   118:174  Concupívi salutáre tuum, Dómine: * et lex tua meditátio mea est.
            Ansiei pela vossa salvação, Senhor: * e a vossa lei é a minha meditação.
## lex tua meditatio
   118:174  Concupívi salutáre tuum, Dómine: * et lex tua meditátio mea est.
            Ansiei pela vossa salvação, Senhor: * e a vossa lei é a minha meditação.
   118:77   Véniant mihi miseratiónes tuæ, et vivam: * quia lex tua meditátio mea est.
            Venham a mim as vossas compaixões, e viverei: * porque a vossa lei é a minha meditação.
   118:92   Nisi quod lex tua meditátio mea est: * tunc forte periíssem in humilitáte mea.
            Se a minha meditação não fosse a vossa lei: * então talvez eu tivesse perecido na minha humilhação.
## in omni tempore
   118:20   Concupívit ánima mea desideráre justificatiónes tuas, * in omni témpore.
            A minha alma ansiou por desejar os vossos preceitos, * em todo tempo.
   33:2     Benedícam Dóminum in omni témpore: * semper laus ejus in ore meo.
            Bendirei o Senhor em todo tempo: * o seu louvor estará sempre na minha boca.
   9:26a    Non est Deus in conspéctu ejus: * inquinátæ sunt viæ illíus in omni témpore.
            Não há Deus à vista dele: * os caminhos dele estão manchados em todo o tempo.
## testimonia tua meditatio
   118:24   Nam et testimónia tua meditátio mea est: * et consílium meum justificatiónes tuæ.
            Pois também os vossos testemunhos são a minha meditação: * e os vossos preceitos são o meu conselho.
   118:99   Super omnes docéntes me intelléxi: * quia testimónia tua meditátio mea est.
            Entendi mais que todos os que me ensinam: * porque os vossos testemunhos são a minha meditação.
## viam justificationum tuarum
   118:27   Viam justificatiónum tuárum ínstrue me: * et exercébor in mirabílibus tuis.
            Fazei-me entender o caminho dos vossos preceitos: * e me exercitarei nas vossas maravilhas.
   118:33   (He) Legem pone mihi, Dómine, viam justificatiónum tuárum: * et exquíram eam semper.
            Imponde-me por lei, Senhor, o caminho dos vossos preceitos: * e o procurarei sempre.
## qui operantur iniquitatem
   118:3    Non enim qui operántur iniquitátem, * in viis ejus ambulavérunt.
            Pois os que praticam a iniquidade, * não andaram nos seus caminhos.
   13:4     Nonne cognóscent omnes qui operántur iniquitátem, * qui dévorant plebem meam sicut escam panis?
            Não hão de saber todos os que praticam a iniquidade, * os que devoram o meu povo como quem come pão?
   35:13    Ibi cecidérunt qui operántur iniquitátem: * expúlsi sunt, nec potuérunt stare.
            Ali caíram os que praticam a iniquidade: * foram expulsos, e não puderam estar de pé.
   5:7a     Odísti omnes, qui operántur iniquitátem: * perdes omnes, qui loquúntur mendácium.
            Odiais todos os que praticam a iniquidade: * fareis perecer todos os que falam mentira.
## legem pone mihi | pone mihi domine
   118:33   (He) Legem pone mihi, Dómine, viam justificatiónum tuárum: * et exquíram eam semper.
            Imponde-me por lei, Senhor, o caminho dos vossos preceitos: * e o procurarei sempre.
   26:11    Legem pone mihi, Dómine, in via tua: * et dírige me in sémitam rectam propter inimícos meos.
            Ponde uma lei para mim, Senhor, no vosso caminho: * e encaminhai-me à vereda reta, por causa dos meus inimigos.
## oculos meos ne
   118:37   Avérte óculos meos ne vídeant vanitátem: * in via tua vivífica me.
            Desviai os meus olhos para que não vejam a vaidade: * no vosso caminho vivificai-me.
   12:4b    Illúmina óculos meos ne umquam obdórmiam in morte: * (5a) nequándo dicat inimícus meus: Præválui advérsus eum.
            Iluminai os meus olhos, para que eu nunca adormeça na morte: * para que não diga o meu inimigo: Prevaleci contra ele.
## misericordia tua domine
   118:41   (Vav) Et véniat super me misericórdia tua, Dómine: * salutáre tuum secúndum elóquium tuum.
            E venha sobre mim a vossa misericórdia, Senhor: * a vossa salvação segundo o que dissestes.
   118:64   Misericórdia tua, Dómine, plena est terra: * justificatiónes tuas doce me.
            A terra está cheia, Senhor, da vossa misericórdia: * ensinai-me os vossos preceitos.
   30:17    Illústra fáciem tuam super servum tuum, salvum me fac in misericórdia tua: * Dómine, non confúndar, quóniam invocávi te.
            Iluminai a vossa face sobre o vosso servo, salvai-me na vossa misericórdia: * Senhor, não serei envergonhado, porque vos invoquei.
   32:22    Fiat misericórdia tua, Dómine, super nos: * quemádmodum sperávimus in te.
            Seja sobre nós, Senhor, a vossa misericórdia: * assim como esperamos em vós.
## in saeculum saeculi
   118:44   Et custódiam legem tuam semper: * in sǽculum et in sǽculum sǽculi.
            E guardarei sempre a vossa lei: * para sempre e pelos séculos dos séculos.
   18:10    Timor Dómini sanctus, pérmanens in sǽculum sǽculi: * judícia Dómini vera, justificáta in semetípsa.
            O temor do Senhor é santo, permanece pelos séculos dos séculos: * os juízos do Senhor são verdadeiros, justificados em si mesmos.
   20:5     Vitam pétiit a te: * et tribuísti ei longitúdinem diérum in sǽculum, et in sǽculum sǽculi.
            Pediu-vos vida: * e lhe destes longos dias para sempre, e pelos séculos dos séculos.
   20:7     Quóniam dabis eum in benedictiónem in sǽculum sǽculi: * lætificábis eum in gáudio cum vultu tuo.
            Porque pelos séculos dos séculos fareis dele uma bênção: * o alegrareis de júbilo com o vosso rosto.
   21:27    Edent páuperes, et saturabúntur: et laudábunt Dóminum qui requírunt eum: * vivent corda eórum in sǽculum sǽculi.
            Os pobres comerão, e serão saciados: e louvarão o Senhor os que o procuram: * viverão os seus corações pelos séculos dos séculos.
   36:27    Declína a malo, et fac bonum: * et inhábita in sǽculum sǽculi.
            Aparta-te do mal, e faz o bem: * e habita pelos séculos dos séculos.
   36:29    Justi autem hereditábunt terram: * et inhabitábunt in sǽculum sǽculi super eam.
            Mas os justos herdarão a terra: * e habitarão sobre ela pelos séculos dos séculos.
   9:37     Dóminus regnábit in ætérnum, et in sǽculum sǽculi: * períbitis, gentes, de terra illíus.
            O Senhor reinará para sempre, e pelos séculos dos séculos: * perecereis da terra dele, nações.
   9:6      Increpásti gentes, et périit ímpius: * nomen eórum delésti in ætérnum, et in sǽculum sǽculi.
            Repreendestes as nações, e pereceu o ímpio: * apagastes o nome deles para sempre, e pelos séculos dos séculos.
## manus meas ad
   118:48   Et levávi manus meas ad mandáta tua, quæ diléxi: * et exercébar in justificatiónibus tuis.
            E levantei as minhas mãos para os vossos mandamentos, que eu amei: * e me exercitava nos vossos preceitos.
   17:35    Qui docet manus meas ad prǽlium: * et posuísti, ut arcum ǽreum, brácchia mea.
            Que ensina as minhas mãos para a batalha, * e fizestes os meus braços como um arco de bronze.
   27:2     Exáudi, Dómine, vocem deprecatiónis meæ dum oro ad te: * dum extóllo manus meas ad templum sanctum tuum.
            Escutai, Senhor, a voz da minha prece, enquanto oro a vós: * enquanto ergo as minhas mãos para o vosso templo santo.
## justificationes tuas exquisivi
   118:56   Hæc facta est mihi: * quia justificatiónes tuas exquisívi.
            Isto me aconteceu: * porque procurei os vossos preceitos.
   118:94   Tuus sum ego, salvum me fac: * quóniam justificatiónes tuas exquisívi.
            Eu sou vosso, salvai-me: * porque procurei os vossos preceitos.
## plena est terra
   118:64   Misericórdia tua, Dómine, plena est terra: * justificatiónes tuas doce me.
            A terra está cheia, Senhor, da vossa misericórdia: * ensinai-me os vossos preceitos.
   32:5     Díligit misericórdiam et judícium: * misericórdia Dómini plena est terra.
            Ele ama a misericórdia e o juízo: * a terra está cheia da misericórdia do Senhor.
## domine secundum verbum
   118:65   (Teth) Bonitátem fecísti cum servo tuo, Dómine, * secúndum verbum tuum.
            Usastes de bondade com o vosso servo, Senhor, * segundo a vossa palavra.
   2:29     Nunc dimíttis + servum tuum, Dómine, * secúndum verbum tuum in pace:
            Agora deixais ir + o vosso servo, Senhor, * segundo a vossa palavra, em paz:
## ego autem in
   118:69   Multiplicáta est super me iníquitas superbórum: * ego autem in toto corde meo scrutábor mandáta tua.
            A iniquidade dos soberbos multiplicou-se sobre mim: * mas eu, de todo o meu coração, sondarei os vossos mandamentos.
   12:5b    Qui tríbulant me, exsultábunt si motus fúero: * (6a) ego autem in misericórdia tua sperávi.
            Os que me atribulam exultarão, se eu for abalado: * mas eu esperei na vossa misericórdia.
   16:15    Ego autem in justítia apparébo conspéctui tuo: * satiábor cum apparúerit glória tua.
            Mas eu, na justiça, aparecerei à vossa vista: * serei saciado quando aparecer a vossa glória.
   25:11    Ego autem in innocéntia mea ingréssus sum: * rédime me, et miserére mei.
            Mas eu andei na minha inocência: * resgatai-me, e tende piedade de mim.
   30:15    Ego autem in te sperávi, Dómine: * dixi: Deus meus es tu: in mánibus tuis sortes meæ.
            Eu, porém, esperei em vós, Senhor: * disse: Vós sois o meu Deus: nas vossas mãos estão as minhas sortes.
   30:7b    Ego autem in Dómino sperávi: * exsultábo, et lætábor in misericórdia tua.
            Eu, porém, esperei no Senhor: * exultarei, e me alegrarei na vossa misericórdia.
   5:7b     Virum sánguinum et dolósum abominábitur Dóminus: * (8a) ego autem in multitúdine misericórdiæ tuæ.
            O Senhor abominará o homem de sangue e enganador: * mas eu, na multidão da vossa misericórdia.
## fiat misericordia tua
   118:76   Fiat misericórdia tua ut consolétur me, * secúndum elóquium tuum servo tuo.
            Seja a vossa misericórdia para me consolar, * segundo o que dissestes ao vosso servo.
   32:22    Fiat misericórdia tua, Dómine, super nos: * quemádmodum sperávimus in te.
            Seja sobre nós, Senhor, a vossa misericórdia: * assim como esperamos em vós.
## super inimicos meos
   118:98   Super inimícos meos prudéntem me fecísti mandáto tuo: * quia in ætérnum mihi est.
            Pelo vosso mandamento me fizestes mais prudente que os meus inimigos: * porque ele é meu para sempre.
   26:6     In petra exaltávit me: * et nunc exaltávit caput meum super inimícos meos.
            Sobre uma rocha me exaltou: * e agora exaltou a minha cabeça acima dos meus inimigos.
   53:9     Quóniam ex omni tribulatióne eripuísti me: * et super inimícos meos despéxit óculus meus.
            Porque de toda tribulação me arrancastes: * e o meu olho olhou de cima para os meus inimigos.
## a filiis hominum
   11:2     Salvum me fac, Dómine, quóniam defécit sanctus: * quóniam diminútæ sunt veritátes a fíliis hóminum.
            Salvai-me, Senhor, porque já não há santo: * porque diminuíram as verdades entre os filhos dos homens.
   20:11    Fructum eórum de terra perdes: * et semen eórum a fíliis hóminum.
            Fareis perecer da terra o seu fruto: * e a sua semente dentre os filhos dos homens.
## domine deus meus
   12:3     Úsquequo exaltábitur inimícus meus super me? * (4a) réspice, et exáudi me, Dómine, Deus meus.
            Até quando o meu inimigo se exaltará sobre mim? * olhai, e escutai-me, Senhor, meu Deus.
   17:29    Quóniam tu illúminas lucérnam meam, Dómine: * Deus meus, illúmina ténebras meas.
            Porque vós iluminais a minha lâmpada, Senhor: * meu Deus, iluminai as minhas trevas.
   29:13    Ut cantet tibi glória mea, et non compúngar: * Dómine, Deus meus, in ætérnum confitébor tibi.
            Para que a minha glória vos cante, e eu não seja compungido: * Senhor, meu Deus, para sempre vos darei graças.
   29:3     Dómine, Deus meus, clamávi ad te, * et sanásti me.
            Senhor, meu Deus, clamei a vós, * e me curastes.
   34:24    Júdica me secúndum justítiam tuam, Dómine, Deus meus, * et non supergáudeant mihi.
            Julgai-me segundo a vossa justiça, Senhor, meu Deus, * e não se alegrem à minha custa.
   7:2      Dómine, Deus meus, in te sperávi: * salvum me fac ex ómnibus persequéntibus me, et líbera me.
            Senhor, meu Deus, em vós esperei: * salvai-me de todos os que me perseguem, e livrai-me.
   7:4      Dómine, Deus meus, si feci istud, * si est iníquitas in mánibus meis:
            Senhor, meu Deus, se fiz isto, * se há iniquidade nas minhas mãos:
   7:7b     Et exsúrge, Dómine, Deus meus, in præcépto quod mandásti: * (8a) et synagóga populórum circúmdabit te.
            E levantai-vos, Senhor, meu Deus, no decreto que mandastes: * e a congregação dos povos vos cercará.
## me domine deus
   12:3     Úsquequo exaltábitur inimícus meus super me? * (4a) réspice, et exáudi me, Dómine, Deus meus.
            Até quando o meu inimigo se exaltará sobre mim? * olhai, e escutai-me, Senhor, meu Deus.
   30:6     In manus tuas comméndo spíritum meum: * redemísti me, Dómine, Deus veritátis.
            Nas vossas mãos entrego o meu espírito: * vós me resgatastes, Senhor, Deus da verdade.
## et psallam nomini | nomini domini altissimi | psallam nomini domini
   12:6b    Exsultábit cor meum in salutári tuo: † cantábo Dómino qui bona tríbuit mihi: * et psallam nómini Dómini altíssimi.
            O meu coração exultará na vossa salvação: † cantarei ao Senhor, que me deu coisas boas: * e entoarei salmos ao nome do altíssimo Senhor.
   7:18     Confitébor Dómino secúndum justítiam ejus: * et psallam nómini Dómini altíssimi.
            Darei graças ao Senhor segundo a sua justiça: * e entoarei salmos ao nome do altíssimo Senhor.
## domo domini in
   133:1b   Qui statis in domo Dómini, * in átriis domus Dei nostri.
            Que estais de pé na casa do Senhor, * nos átrios da casa do nosso Deus.
   22:6b    Et ut inhábitem in domo Dómini, * in longitúdinem diérum.
            E para que eu habite na casa do Senhor, * por longos dias.
## in domo domini
   133:1b   Qui statis in domo Dómini, * in átriis domus Dei nostri.
            Que estais de pé na casa do Senhor, * nos átrios da casa do nosso Deus.
   22:6b    Et ut inhábitem in domo Dómini, * in longitúdinem diérum.
            E para que eu habite na casa do Senhor, * por longos dias.
   26:4     Unam pétii a Dómino, hanc requíram, * ut inhábitem in domo Dómini ómnibus diébus vitæ meæ:
            Uma coisa pedi ao Senhor, esta procurarei: * que eu habite na casa do Senhor todos os dias da minha vida:
## in corde suo
   13:1a    Dixit insípiens in corde suo: * non est Deus.
            Disse o insensato no seu coração: * Não há Deus.
   14:3a    Qui lóquitur veritátem in corde suo, * qui non egit dolum in lingua sua:
            Aquele que fala a verdade no seu coração, * que não usou de engano com a sua língua:
   9:27     Dixit enim in corde suo: * Non movébor a generatióne in generatiónem sine malo.
            Pois disse no seu coração: * Não serei abalado de geração em geração, sem mal.
   9:32     Dixit enim in corde suo: Oblítus est Deus, * avértit fáciem suam ne vídeat in finem.
            Pois disse no seu coração: Deus se esqueceu, * desviou a sua face para nunca mais ver.
   9:34     Propter quid irritávit ímpius Deum? * dixit enim in corde suo: Non requíret.
            Por que razão o ímpio provocou a Deus? * pois disse no seu coração: Não pedirá contas.
## corde suo non
   13:1a    Dixit insípiens in corde suo: * non est Deus.
            Disse o insensato no seu coração: * Não há Deus.
   9:27     Dixit enim in corde suo: * Non movébor a generatióne in generatiónem sine malo.
            Pois disse no seu coração: * Não serei abalado de geração em geração, sem mal.
   9:34     Propter quid irritávit ímpius Deum? * dixit enim in corde suo: Non requíret.
            Por que razão o ímpio provocou a Deus? * pois disse no seu coração: Não pedirá contas.
## faciat bonum non | qui faciat bonum | usque ad unum
   13:1b    Corrúpti sunt, et abominábiles facti sunt in stúdiis suis: * non est qui fáciat bonum, non est usque ad unum.
            Corromperam-se, e tornaram-se abomináveis nos seus feitos: * não há quem faça o bem, não há nem sequer um.
   13:3a    Omnes declinavérunt, simul inútiles facti sunt: * non est qui fáciat bonum, non est usque ad unum.
            Todos se desviaram, juntos se tornaram inúteis: * não há quem faça o bem, não há nem sequer um.
## eorum linguis suis | guttur eorum linguis | linguis suis dolose | patens est guttur
   13:3b    Sepúlcrum patens est guttur eórum: † linguis suis dolóse agébant * venénum áspidum sub lábiis eórum.
            A sua garganta é um sepulcro aberto, † com as suas línguas enganavam, * veneno de áspides debaixo dos seus lábios.
   5:11a    Sepúlcrum patens est guttur eórum, † linguis suis dolóse agébant, * júdica illos, Deus.
            A sua garganta é um sepulcro aberto, † com as suas línguas enganavam, * julgai-os, Deus.
## dei ante oculos | est timor dei | timor dei ante
   13:3d    Contrítio et infelícitas in viis eórum, † et viam pacis non cognovérunt: * non est timor Dei ante óculos eórum.
            Ruína e infelicidade nos seus caminhos, † e não conheceram o caminho da paz: * não há temor de Deus diante dos seus olhos.
   35:2     Dixit injústus ut delínquat in semetípso: * non est timor Dei ante óculos ejus.
            Disse o injusto que cometeria faltas em si mesmo: * não há temor de Deus diante dos seus olhos.
## omnes qui operantur
   13:4     Nonne cognóscent omnes qui operántur iniquitátem, * qui dévorant plebem meam sicut escam panis?
            Não hão de saber todos os que praticam a iniquidade, * os que devoram o meu povo como quem come pão?
   5:7a     Odísti omnes, qui operántur iniquitátem: * perdes omnes, qui loquúntur mendácium.
            Odiais todos os que praticam a iniquidade: * fareis perecer todos os que falam mentira.
## tu es qui
   15:5     Dóminus pars hereditátis meæ, et cálicis mei: * tu es, qui restítues hereditátem meam mihi.
            O Senhor é a parte da minha herança e do meu cálice: * sois vós que me restituireis a minha herança.
   21:10    Quóniam tu es, qui extraxísti me de ventre: * spes mea ab ubéribus matris meæ. In te projéctus sum ex útero:
            Porque sois vós que me tirastes do ventre: * a minha esperança desde os peitos da minha mãe. Sobre vós fui lançado desde o seio materno:
## in conspectu meo
   15:8     Providébam Dóminum in conspéctu meo semper: * quóniam a dextris est mihi, ne commóvear.
            Eu via o Senhor sempre à minha vista: * porque está à minha direita, para eu não ser abalado.
   17:23    Quóniam ómnia judícia ejus in conspéctu meo: * et justítias ejus non répuli a me.
            Porque todos os seus juízos estão à minha vista, * e não afastei de mim as suas justiças.
   22:5     Parásti in conspéctu meo mensam, * advérsus eos, qui tríbulant me.
            Preparastes à minha vista uma mesa, * contra os que me atribulam.
## eripe animam meam
   16:13    Exsúrge, Dómine, prǽveni eum, et supplánta eum: * éripe ánimam meam ab ímpio, frámeam tuam (14a) ab inimícis manus tuæ.
            Levantai-vos, Senhor, adiantai-vos a ele e derrubai-o: * arrancai a minha alma do ímpio, a vossa espada dos inimigos da vossa mão.
   6:5      Convértere, Dómine, et éripe ánimam meam: * salvum me fac propter misericórdiam tuam.
            Voltai-vos, Senhor, e libertai a minha alma: * salvai-me por causa da vossa misericórdia.
## sub pedibus ejus
   17:10    Inclinávit cælos, et descéndit: * et calígo sub pédibus ejus.
            Inclinou os céus, e desceu, * e havia uma névoa escura sob os seus pés.
   8:8      Ómnia subjecísti sub pédibus ejus, * oves et boves univérsas: ínsuper et pécora campi.
            Tudo sujeitastes debaixo dos seus pés, * todas as ovelhas e os bois: e ainda os animais do campo.
## et carbones ignis | grando et carbones
   17:13    Præ fulgóre in conspéctu ejus nubes transiérunt, * grando et carbónes ignis.
            Diante do clarão, na sua presença, passaram as nuvens, * granizo e carvões de fogo.
   17:14    Et intónuit de cælo Dóminus, † et Altíssimus dedit vocem suam: * grando et carbónes ignis.
            E o Senhor trovejou do céu, † e o Altíssimo fez ouvir a sua voz: * granizo e carvões de fogo.
## de inimicis meis
   17:18    Erípuit me de inimícis meis fortíssimis, † et ab his qui odérunt me: * quóniam confortáti sunt super me.
            Arrancou-me dos meus fortíssimos inimigos, † e dos que me odeiam, * porque se fortaleceram mais do que eu.
   17:48    Deus, qui das vindíctas mihi, et subdis pópulos sub me: * liberátor meus de inimícis meis iracúndis.
            Deus, que me dais vinganças e sujeitais os povos sob mim, * meu libertador dos meus inimigos irados.
   9:14     Miserére mei, Dómine: * vide humilitátem meam de inimícis meis.
            Tende piedade de mim, Senhor: * vede a minha humilhação que me vem dos meus inimigos.
## factus est dominus
   17:19    Prævenérunt me in die afflictiónis meæ: * et factus est Dóminus protéctor meus.
            Surpreenderam-me no dia da minha aflição, * e o Senhor se fez o meu protetor.
   9:10     Et factus est Dóminus refúgium páuperi: * adjútor in opportunitátibus, in tribulatióne.
            E o Senhor se fez refúgio para o pobre: * auxílio nas horas oportunas, na tribulação.
## dominus secundum justitiam | et secundum puritatem | mihi dominus secundum | puritatem manuum mearum
   17:21    Et retríbuet mihi Dóminus secúndum justítiam meam: * et secúndum puritátem mánuum meárum retríbuet mihi:
            E o Senhor me retribuirá segundo a minha justiça, * e segundo a pureza das minhas mãos me retribuirá.
   17:25    Et retríbuet mihi Dóminus secúndum justítiam meam: * et secúndum puritátem mánuum meárum in conspéctu oculórum ejus.
            E o Senhor me retribuirá segundo a minha justiça, * e segundo a pureza das minhas mãos à vista dos seus olhos.
## secundum justitiam meam
   17:21    Et retríbuet mihi Dóminus secúndum justítiam meam: * et secúndum puritátem mánuum meárum retríbuet mihi:
            E o Senhor me retribuirá segundo a minha justiça, * e segundo a pureza das minhas mãos me retribuirá.
   17:25    Et retríbuet mihi Dóminus secúndum justítiam meam: * et secúndum puritátem mánuum meárum in conspéctu oculórum ejus.
            E o Senhor me retribuirá segundo a minha justiça, * e segundo a pureza das minhas mãos à vista dos seus olhos.
   7:9b     Júdica me, Dómine, secúndum justítiam meam, * et secúndum innocéntiam meam super me.
            Julgai-me, Senhor, segundo a minha justiça, * e segundo a minha inocência sobre mim.
## adjutor meus et
   17:3b    Deus meus adjútor meus, * et sperábo in eum.
            O meu Deus é o meu auxílio, * e nele esperarei.
   18:15b   Dómine, adjútor meus, * et redémptor meus.
            Senhor, meu auxílio, * e meu redentor.
   27:7     Dóminus adjútor meus, et protéctor meus: * in ipso sperávit cor meum, et adjútus sum.
            O Senhor é o meu auxílio e o meu protetor: * nele esperou o meu coração, e fui auxiliado.
## sperabo in eum
   17:3b    Deus meus adjútor meus, * et sperábo in eum.
            O meu Deus é o meu auxílio, * e nele esperarei.
   90:2     Dicet Dómino: Suscéptor meus es tu, et refúgium meum: * Deus meus sperábo in eum.
            Dirá ao Senhor: Vós sois o meu amparo e o meu refúgio: * o meu Deus, nele esperarei.
## ab inimicis meis
   17:4     Laudans invocábo Dóminum: * et ab inimícis meis salvus ero.
            Louvando, invocarei o Senhor: * e serei salvo dos meus inimigos.
   7:5      Si réddidi retribuéntibus mihi mala, * décidam mérito ab inimícis meis inánis.
            Se paguei aos que me retribuíam males, * caia eu vazio, com razão, diante dos meus inimigos.
## ante faciem venti
   17:43    Et commínuam eos, ut púlverem ante fáciem venti: * ut lutum plateárum delébo eos.
            E eu os esmigalharei como o pó diante da face do vento, * como a lama das ruas os apagarei.
   34:5     Fiant tamquam pulvis ante fáciem venti: * et Ángelus Dómini coárctans eos.
            Tornem-se como o pó diante da face do vento: * e que o anjo do Senhor os aperte.
## deus meus et
   17:47    Vivit Dóminus, et benedíctus Deus meus: * et exaltétur Deus salútis meæ.
            Vive o Senhor, e bendito o meu Deus, * e exalte-se o Deus da minha salvação.
   34:23    Exsúrge et inténde judício meo: * Deus meus, et Dóminus meus in causam meam.
            Levantai-vos e atendei ao meu juízo: * meu Deus e meu Senhor, à minha causa.
   34:24    Júdica me secúndum justítiam tuam, Dómine, Deus meus, * et non supergáudeant mihi.
            Julgai-me segundo a vossa justiça, Senhor, meu Deus, * e não se alegrem à minha custa.
## opera manuum ejus
   18:2     Cæli enárrant glóriam Dei: * et ópera mánuum ejus annúntiat firmaméntum.
            Os céus narram a glória de Deus: * e o firmamento anuncia as obras das suas mãos.
   27:5     Quóniam non intellexérunt ópera Dómini, et in ópera mánuum ejus * déstrues illos, et non ædificábis eos.
            Porque não entenderam as obras do Senhor, nem as obras das suas mãos: * vós os destruireis, e não os edificareis.
## beatus vir qui
   1:1      Beátus vir, qui non ábiit in consílio impiórum, † et in via peccatórum non stetit, * et in cáthedra pestiléntiæ non sedit:
            Bem-aventurado o homem que não andou no conselho dos ímpios, † e no caminho dos pecadores não se deteve, * e na cadeira da pestilência não se sentou:
   33:9     Gustáte, et vidéte quóniam suávis est Dóminus: * beátus vir, qui sperat in eo.
            Provai, e vede que o Senhor é suave: * bem-aventurado o homem que espera nele.
## die ac nocte
   1:2      Sed in lege Dómini volúntas ejus, * et in lege ejus meditábitur die ac nocte.
            Mas a sua vontade está na lei do Senhor, * e na sua lei meditará dia e noite.
   31:4     Quóniam die ac nocte graváta est super me manus tua: * convérsus sum in ærúmna mea, dum confígitur spina.
            Porque de dia e de noite a vossa mão ficou pesada sobre mim: * voltei-me no meu sofrimento, enquanto se crava o espinho.
## domine in virtute
   20:14    Exaltáre, Dómine, in virtúte tua: * cantábimus et psallémus virtútes tuas.
            Exaltai-vos, Senhor, no vosso poder: * cantaremos e entoaremos em salmos os vossos poderes.
   20:2     Dómine, in virtúte tua lætábitur rex: * et super salutáre tuum exsultábit veheménter.
            Senhor, no vosso poder se alegrará o rei: * e com a vossa salvação exultará muito.
## quoniam tu es
   21:10    Quóniam tu es, qui extraxísti me de ventre: * spes mea ab ubéribus matris meæ. In te projéctus sum ex útero:
            Porque sois vós que me tirastes do ventre: * a minha esperança desde os peitos da minha mãe. Sobre vós fui lançado desde o seio materno:
   30:5     Edúces me de láqueo hoc, quem abscondérunt mihi: * quóniam tu es protéctor meus.
            Vós me tirareis deste laço que esconderam para mim: * porque vós sois o meu protetor.
   90:9     Quóniam tu es, Dómine, spes mea: * Altíssimum posuísti refúgium tuum.
            Porque vós sois, Senhor, a minha esperança: * tu puseste o Altíssimo por teu refúgio.
## omnia ossa mea
   21:15    Sicut aqua effúsus sum: * et dispérsa sunt ómnia ossa mea.
            Como água fui derramado: * e foram dispersos todos os meus ossos.
   21:17b   Fodérunt manus meas et pedes meos: * dinumeravérunt ómnia ossa mea.
            Perfuraram as minhas mãos e os meus pés: * contaram todos os meus ossos.
   34:10    Ómnia ossa mea dicent: * Dómine, quis símilis tibi?
            Todos os meus ossos dirão: * Senhor, quem é semelhante a vós?
## manus meas et
   21:17b   Fodérunt manus meas et pedes meos: * dinumeravérunt ómnia ossa mea.
            Perfuraram as minhas mãos e os meus pés: * contaram todos os meus ossos.
   25:6     Lavábo inter innocéntes manus meas: * et circúmdabo altáre tuum, Dómine:
            Lavarei as minhas mãos entre os inocentes: * e cercarei o vosso altar, Senhor:
## tu autem domine
   21:20    Tu autem, Dómine, ne elongáveris auxílium tuum a me: * ad defensiónem meam cónspice.
            Mas vós, Senhor, não ponhais longe de mim o vosso auxílio: * olhai para a minha defesa.
   3:4      Tu autem, Dómine, suscéptor meus es, * glória mea, et exáltans caput meum.
            Vós, porém, Senhor, sois o meu amparo, * a minha glória, e quem exalta a minha cabeça.
## deus animam meam
   21:21    Érue a frámea, Deus, ánimam meam: * et de manu canis únicam meam:
            Arrancai da espada, Deus, a minha alma: * e a minha única, da mão do cão:
   25:9     Ne perdas cum ímpiis, Deus, ánimam meam, * et cum viris sánguinum vitam meam:
            Deus, não façais perecer com os ímpios a minha alma, * nem com os homens de sangue a minha vida:
## avertit faciem suam
   21:25b   Nec avértit fáciem suam a me: * et cum clamárem ad eum, exaudívit me.
            Nem desviou de mim a sua face: * e quando eu clamava a ele, escutou-me.
   9:32     Dixit enim in corde suo: Oblítus est Deus, * avértit fáciem suam ne vídeat in finem.
            Pois disse no seu coração: Deus se esqueceu, * desviou a sua face para nunca mais ver.
## in ecclesia magna
   21:26    Apud te laus mea in ecclésia magna: * vota mea reddam in conspéctu timéntium eum.
            Junto de vós está o meu louvor na grande assembleia: * pagarei os meus votos à vista dos que o temem.
   34:18    Confitébor tibi in ecclésia magna, * in pópulo gravi laudábo te.
            Eu vos darei graças na grande assembleia, * num povo numeroso vos louvarei.
## adversus eos qui
   22:5     Parásti in conspéctu meo mensam, * advérsus eos, qui tríbulant me.
            Preparastes à minha vista uma mesa, * contra os que me atribulam.
   34:3     Effúnde frámeam, et conclúde advérsus eos, qui persequúntur me: * dic ánimæ meæ: Salus tua ego sum.
            Tirai a espada, e fechai a passagem aos que me perseguem: * dizei à minha alma: Eu sou a tua salvação.
## diebus vitae meae | omnibus diebus vitae
   22:6     Et misericórdia tua subsequétur me * ómnibus diébus vitæ meæ:
            E a vossa misericórdia me seguirá * todos os dias da minha vida:
   26:4     Unam pétii a Dómino, hanc requíram, * ut inhábitem in domo Dómini ómnibus diébus vitæ meæ:
            Uma coisa pedi ao Senhor, esta procurarei: * que eu habite na casa do Senhor todos os dias da minha vida:
## inhabitem in domo
   22:6b    Et ut inhábitem in domo Dómini, * in longitúdinem diérum.
            E para que eu habite na casa do Senhor, * por longos dias.
   26:4     Unam pétii a Dómino, hanc requíram, * ut inhábitem in domo Dómini ómnibus diébus vitæ meæ:
            Uma coisa pedi ao Senhor, esta procurarei: * que eu habite na casa do Senhor todos os dias da minha vida:
## est iste rex | iste rex gloriae | quis est iste | rex gloriae dominus
   23:10    Quis est iste Rex glóriæ? * Dóminus virtútum ipse est Rex glóriæ.
            Quem é este Rei da glória? * O Senhor dos poderes: ele é o Rei da glória.
   23:8     Quis est iste Rex glóriæ? * Dóminus fortis et potens: Dóminus potens in prǽlio.
            Quem é este Rei da glória? * O Senhor forte e poderoso: o Senhor poderoso na batalha.
## aeternales et introibit | attollite portas principes | elevamini portae aeternales | et elevamini portae
   23:7     Attóllite portas, príncipes, vestras, et elevámini, portæ æternáles: * et introíbit Rex glóriæ.
            Erguei, príncipes, as vossas portas, e elevai-vos, portas eternas: * e entrará o Rei da glória.
   23:9     Attóllite portas, príncipes, vestras, et elevámini, portæ æternáles: * et introíbit Rex glóriæ.
            Erguei, príncipes, as vossas portas, e elevai-vos, portas eternas: * e entrará o Rei da glória.
## deus meus in
   24:1     Ad te, Dómine, levávi ánimam meam: * Deus meus, in te confído, non erubéscam.
            A vós, Senhor, levantei a minha alma: * meu Deus, em vós confio, não corarei.
   29:13    Ut cantet tibi glória mea, et non compúngar: * Dómine, Deus meus, in ætérnum confitébor tibi.
            Para que a minha glória vos cante, e eu não seja compungido: * Senhor, meu Deus, para sempre vos darei graças.
   7:2      Dómine, Deus meus, in te sperávi: * salvum me fac ex ómnibus persequéntibus me, et líbera me.
            Senhor, meu Deus, em vós esperei: * salvai-me de todos os que me perseguem, e livrai-me.
   7:7b     Et exsúrge, Dómine, Deus meus, in præcépto quod mandásti: * (8a) et synagóga populórum circúmdabit te.
            E levantai-vos, Senhor, meu Deus, no decreto que mandastes: * e a congregação dos povos vos cercará.
## propter nomen tuum
   24:11    Propter nomen tuum, Dómine, propitiáberis peccáto meo: * multum est enim.
            Por causa do vosso nome, Senhor, sereis propício ao meu pecado: * pois é grande.
   30:4     Quóniam fortitúdo mea, et refúgium meum es tu: * et propter nomen tuum dedúces me, et enútries me.
            Porque vós sois a minha força e o meu refúgio: * e por causa do vosso nome me guiareis, e me nutrireis.
## quis est homo
   24:12    Quis est homo qui timet Dóminum? * legem státuit ei in via, quam elégit.
            Quem é o homem que teme o Senhor? * ele lhe firmou uma lei no caminho que escolheu.
   33:13    Quis est homo qui vult vitam: * díligit dies vidére bonos?
            Quem é o homem que quer a vida: * que ama ver dias bons?
## ex omnibus tribulationibus
   24:22    Líbera, Deus, Israël, * ex ómnibus tribulatiónibus suis.
            Livrai, Deus, Israel, * de todas as suas tribulações.
   33:18    Clamavérunt justi, et Dóminus exaudívit eos: * et ex ómnibus tribulatiónibus eórum liberávit eos.
            Clamaram os justos, e o Senhor os escutou: * e os livrou de todas as suas tribulações.
   33:5     Exquisívi Dóminum, et exaudívit me: * et ex ómnibus tribulatiónibus meis erípuit me.
            Procurei o Senhor, e ele me escutou: * e me arrancou de todas as minhas tribulações.
## me inimici mei
   24:3     Neque irrídeant me inimíci mei: * étenim univérsi, qui sústinent te, non confundéntur.
            Nem riam de mim os meus inimigos: * pois todos os que esperam por vós não serão envergonhados.
   26:2b    Qui tríbulant me inimíci mei, * ipsi infirmáti sunt, et cecidérunt.
            Os que me atribulam, os meus inimigos, * eles mesmos se enfraqueceram, e caíram.
## innocentia mea ingressus | mea ingressus sum
   25:1     Júdica me, Dómine, quóniam ego in innocéntia mea ingréssus sum: * et in Dómino sperans non infirmábor.
            Julgai-me, Senhor, porque eu andei na minha inocência: * e, esperando no Senhor, não me enfraquecerei.
   25:11    Ego autem in innocéntia mea ingréssus sum: * rédime me, et miserére mei.
            Mas eu andei na minha inocência: * resgatai-me, e tende piedade de mim.
## judica me domine
   25:1     Júdica me, Dómine, quóniam ego in innocéntia mea ingréssus sum: * et in Dómino sperans non infirmábor.
            Julgai-me, Senhor, porque eu andei na minha inocência: * e, esperando no Senhor, não me enfraquecerei.
   7:9b     Júdica me, Dómine, secúndum justítiam meam, * et secúndum innocéntiam meam super me.
            Julgai-me, Senhor, segundo a minha justiça, * e segundo a minha inocência sobre mim.
## propter inimicos meos
   26:11    Legem pone mihi, Dómine, in via tua: * et dírige me in sémitam rectam propter inimícos meos.
            Ponde uma lei para mim, Senhor, no vosso caminho: * e encaminhai-me à vereda reta, por causa dos meus inimigos.
   5:9      Dómine, deduc me in justítia tua: * propter inimícos meos dírige in conspéctu tuo viam meam.
            Senhor, guiai-me na vossa justiça: * por causa dos meus inimigos endireitai o meu caminho à vossa vista.
## et confortetur cor
   26:14    Exspécta Dóminum, viríliter age: * et confortétur cor tuum, et sústine Dóminum.
            Aguarda o Senhor, porta-te como homem: * e que o teu coração se fortaleça, e espera pelo Senhor.
   30:25    Viríliter ágite, et confortétur cor vestrum, * omnes, qui sperátis in Dómino.
            Portai-vos como homens, e que o vosso coração se fortaleça, * todos vós que esperais no Senhor.
## exaudi domine vocem
   26:7     Exáudi, Dómine, vocem meam, qua clamávi ad te: * miserére mei, et exáudi me.
            Escutai, Senhor, a minha voz, com que clamei a vós: * tende piedade de mim, e escutai-me.
   27:2     Exáudi, Dómine, vocem deprecatiónis meæ dum oro ad te: * dum extóllo manus meas ad templum sanctum tuum.
            Escutai, Senhor, a voz da minha prece, enquanto oro a vós: * enquanto ergo as minhas mãos para o vosso templo santo.
## mei et exaudi | miserere mei et
   26:7     Exáudi, Dómine, vocem meam, qua clamávi ad te: * miserére mei, et exáudi me.
            Escutai, Senhor, a minha voz, com que clamei a vós: * tende piedade de mim, e escutai-me.
   4:2b     Miserére mei, * et exáudi oratiónem meam.
            Tende piedade de mim, * e escutai a minha oração.
## descendentibus in lacum
   27:1     Ad te, Dómine, clamábo, Deus meus, ne síleas a me: * nequándo táceas a me, et assimilábor descendéntibus in lacum.
            A vós, Senhor, clamarei, meu Deus, não fiqueis em silêncio comigo: * para que não vos caleis comigo, nem eu me torne semelhante aos que descem à cova.
   29:4     Dómine, eduxísti ab inférno ánimam meam: * salvásti me a descendéntibus in lacum.
            Senhor, tirastes do inferno a minha alma: * salvastes-me dos que descem à cova.
## te domine clamabo
   27:1     Ad te, Dómine, clamábo, Deus meus, ne síleas a me: * nequándo táceas a me, et assimilábor descendéntibus in lacum.
            A vós, Senhor, clamarei, meu Deus, não fiqueis em silêncio comigo: * para que não vos caleis comigo, nem eu me torne semelhante aos que descem à cova.
   29:9     Ad te, Dómine, clamábo: * et ad Deum meum deprecábor.
            A vós, Senhor, hei de clamar: * e ao meu Deus suplicarei.
## vocem deprecationis meae
   27:2     Exáudi, Dómine, vocem deprecatiónis meæ dum oro ad te: * dum extóllo manus meas ad templum sanctum tuum.
            Escutai, Senhor, a voz da minha prece, enquanto oro a vós: * enquanto ergo as minhas mãos para o vosso templo santo.
   27:6     Benedíctus Dóminus: * quóniam exaudívit vocem deprecatiónis meæ.
            Bendito o Senhor: * porque escutou a voz da minha prece.
## ad templum sanctum | templum sanctum tuum
   27:2     Exáudi, Dómine, vocem deprecatiónis meæ dum oro ad te: * dum extóllo manus meas ad templum sanctum tuum.
            Escutai, Senhor, a voz da minha prece, enquanto oro a vós: * enquanto ergo as minhas mãos para o vosso templo santo.
   5:8b     Introíbo in domum tuam: * adorábo ad templum sanctum tuum in timóre tuo.
            Entrarei na vossa casa: * no vosso temor adorarei voltado para o vosso templo santo.
## benedictus dominus quoniam
   27:6     Benedíctus Dóminus: * quóniam exaudívit vocem deprecatiónis meæ.
            Bendito o Senhor: * porque escutou a voz da minha prece.
   30:22    Benedíctus Dóminus: * quóniam mirificávit misericórdiam suam mihi in civitáte muníta.
            Bendito o Senhor: * porque fez maravilhosa a sua misericórdia para mim numa cidade fortificada.
## autem dixi in | ego autem dixi
   29:7     Ego autem dixi in abundántia mea: * Non movébor in ætérnum.
            Eu, porém, disse na minha abundância: * Para sempre não serei abalado.
   30:23    Ego autem dixi in excéssu mentis meæ: * Projéctus sum a fácie oculórum tuórum.
            Eu, porém, disse, fora de mim: * Fui lançado para longe da face dos vossos olhos.
## mei domine quoniam
   30:10    Miserére mei, Dómine, quóniam tríbulor: * conturbátus est in ira óculus meus, ánima mea, et venter meus:
            Tende piedade de mim, Senhor, porque estou atribulado: * na ira foram perturbados o meu olho, a minha alma e o meu ventre:
   6:3      Miserére mei, Dómine, quóniam infírmus sum: * sana me, Dómine, quóniam conturbáta sunt ossa mea.
            Tende piedade de mim, Senhor, porque estou enfermo: * curai-me, Senhor, porque os meus ossos estão perturbados.
## miserere mei domine
   30:10    Miserére mei, Dómine, quóniam tríbulor: * conturbátus est in ira óculus meus, ánima mea, et venter meus:
            Tende piedade de mim, Senhor, porque estou atribulado: * na ira foram perturbados o meu olho, a minha alma e o meu ventre:
   6:3      Miserére mei, Dómine, quóniam infírmus sum: * sana me, Dómine, quóniam conturbáta sunt ossa mea.
            Tende piedade de mim, Senhor, porque estou enfermo: * curai-me, Senhor, porque os meus ossos estão perturbados.
   9:14     Miserére mei, Dómine: * vide humilitátem meam de inimícis meis.
            Tende piedade de mim, Senhor: * vede a minha humilhação que me vem dos meus inimigos.
## omnes inimicos meos
   30:12    Super omnes inimícos meos factus sum oppróbrium et vicínis meis valde: * et timor notis meis.
            Mais que todos os meus inimigos, tornei-me uma afronta, e sobremaneira para os meus vizinhos: * e temor para os meus conhecidos.
   6:8      Turbátus est a furóre óculus meus: * inveterávi inter omnes inimícos meos.
            O meu olho está perturbado pelo furor: * envelheci entre todos os meus inimigos.
## eis qui sperant
   30:20b   Perfecísti eis, qui sperant in te, * in conspéctu filiórum hóminum.
            Vós a aperfeiçoastes para os que esperam em vós, * à vista dos filhos dos homens.
   32:18    Ecce, óculi Dómini super metuéntes eum: * et in eis, qui sperant super misericórdia ejus:
            Eis os olhos do Senhor sobre os que o temem: * e sobre os que esperam na sua misericórdia:
## dominum omnes sancti | omnes sancti ejus
   30:24    Dilígite Dóminum omnes sancti ejus: * quóniam veritátem requíret Dóminus, et retríbuet abundánter faciéntibus supérbiam.
            Amai o Senhor, vós, todos os seus santos: * porque o Senhor procurará a verdade, e retribuirá abundantemente aos que agem com soberba.
   33:10    Timéte Dóminum, omnes sancti ejus: * quóniam non est inópia timéntibus eum.
            Temei o Senhor, vós, todos os seus santos: * porque nada falta aos que o temem.
## in manus tuas
   30:6     In manus tuas comméndo spíritum meum: * redemísti me, Dómine, Deus veritátis.
            Nas vossas mãos entrego o meu espírito: * vós me resgatastes, Senhor, Deus da verdade.
   9:35a    Vides quóniam tu labórem et dolórem consíderas: * ut tradas eos in manus tuas.
            Vedes, pois vós considerais a fadiga e a dor: * para os entregardes nas vossas mãos.
## autem in domino
   30:7b    Ego autem in Dómino sperávi: * exsultábo, et lætábor in misericórdia tua.
            Eu, porém, esperei no Senhor: * exultarei, e me alegrarei na vossa misericórdia.
   31:10    Multa flagélla peccatóris, * sperántem autem in Dómino misericórdia circúmdabit.
            Os flagelos do pecador são muitos, * mas a misericórdia cercará aquele que espera no Senhor.
## oculi domini super
   32:18    Ecce, óculi Dómini super metuéntes eum: * et in eis, qui sperant super misericórdia ejus:
            Eis os olhos do Senhor sobre os que o temem: * e sobre os que esperam na sua misericórdia:
   33:16    Óculi Dómini super justos: * et aures ejus in preces eórum.
            Os olhos do Senhor estão sobre os justos: * e os seus ouvidos, voltados para as preces deles.
## et fac bonum | malo et fac
   33:15    Divérte a malo, et fac bonum: * inquíre pacem, et perséquere eam.
            Aparta-te do mal, e faz o bem: * procura a paz, e persegue-a.
   36:27    Declína a malo, et fac bonum: * et inhábita in sǽculum sǽculi.
            Aparta-te do mal, e faz o bem: * e habita pelos séculos dos séculos.
## et ex omnibus
   33:18    Clamavérunt justi, et Dóminus exaudívit eos: * et ex ómnibus tribulatiónibus eórum liberávit eos.
            Clamaram os justos, e o Senhor os escutou: * e os livrou de todas as suas tribulações.
   33:5     Exquisívi Dóminum, et exaudívit me: * et ex ómnibus tribulatiónibus meis erípuit me.
            Procurei o Senhor, e ele me escutou: * e me arrancou de todas as minhas tribulações.
## et dominus exaudivit
   33:18    Clamavérunt justi, et Dóminus exaudívit eos: * et ex ómnibus tribulatiónibus eórum liberávit eos.
            Clamaram os justos, e o Senhor os escutou: * e os livrou de todas as suas tribulações.
   33:7     Iste pauper clamávit, et Dóminus exaudívit eum: * et de ómnibus tribulatiónibus ejus salvávit eum.
            Este pobre clamou, e o Senhor o escutou: * e o salvou de todas as suas tribulações.
## omnes qui sperant
   33:23    Rédimet Dóminus ánimas servórum suórum: * et non delínquent omnes qui sperant in eo.
            O Senhor resgatará as almas dos seus servos: * e nenhum dos que esperam nele cometerá falta.
   5:12a    Et læténtur omnes, qui sperant in te, * in ætérnum exsultábunt: et habitábis in eis.
            E alegrem-se todos os que esperam em vós, * exultarão eternamente: e habitareis neles.
## et angelus domini
   34:5     Fiant tamquam pulvis ante fáciem venti: * et Ángelus Dómini coárctans eos.
            Tornem-se como o pó diante da face do vento: * e que o anjo do Senhor os aperte.
   34:6     Fiat via illórum ténebræ et lúbricum: * et Ángelus Dómini pérsequens eos.
            Torne-se o caminho deles trevas e lugar escorregadio: * e que o anjo do Senhor os persiga.
## noli aemulari in
   36:1     Noli æmulári in malignántibus: * neque zeláveris faciéntes iniquitátem.
            Não tenhas inveja dos malvados: * nem invejes os que fazem a iniquidade.
   36:7     Noli æmulári in eo, qui prosperátur in via sua: * in hómine faciénte injustítias.
            Não tenhas inveja daquele que prospera no seu caminho: * do homem que faz injustiças.
## autem hereditabunt terram | hereditabunt terram et
   36:11    Mansuéti autem hereditábunt terram: * et delectabúntur in multitúdine pacis.
            Mas os mansos herdarão a terra: * e se deleitarão na multidão da paz.
   36:29    Justi autem hereditábunt terram: * et inhabitábunt in sǽculum sǽculi super eam.
            Mas os justos herdarão a terra: * e habitarão sobre ela pelos séculos dos séculos.
## peccator justum et
   36:12    Observábit peccátor justum: * et stridébit super eum déntibus suis.
            O pecador espreitará o justo: * e rangerá os seus dentes contra ele.
   36:32    Consíderat peccátor justum: * et quærit mortificáre eum.
            O pecador observa o justo: * e busca dar-lhe a morte.
## exaudi orationem meam
   4:2b     Miserére mei, * et exáudi oratiónem meam.
            Tende piedade de mim, * e escutai a minha oração.
   53:4     Deus, exáudi oratiónem meam: * áuribus pércipe verba oris mei.
            Deus, escutai a minha oração: * dai ouvidos às palavras da minha boca.
## exsurge domine deus
   7:7b     Et exsúrge, Dómine, Deus meus, in præcépto quod mandásti: * (8a) et synagóga populórum circúmdabit te.
            E levantai-vos, Senhor, meu Deus, no decreto que mandastes: * e a congregação dos povos vos cercará.
   9:33     Exsúrge, Dómine Deus, exaltétur manus tua: * ne obliviscáris páuperum.
            Levantai-vos, Senhor Deus, exalte-se a vossa mão: * não esqueçais os pobres.
## admirabile est nomen | domine dominus noster | dominus noster quam | in universa terra
   8:10     Dómine, Dóminus noster, * quam admirábile est nomen tuum in univérsa terra!
            Senhor, nosso Senhor, * como é admirável o vosso nome em toda a terra!
   8:2a     Dómine, Dóminus noster, * quam admirábile est nomen tuum in univérsa terra!
            Senhor, nosso Senhor, * como é admirável o vosso nome em toda a terra!
## opportunitatibus in tribulatione
   9:10     Et factus est Dóminus refúgium páuperi: * adjútor in opportunitátibus, in tribulatióne.
            E o Senhor se fez refúgio para o pobre: * auxílio nas horas oportunas, na tribulação.
   9:22     Ut quid, Dómine, recessísti longe, * déspicis in opportunitátibus, in tribulatióne?
            Por que, Senhor, vos retirastes para longe, * desdenhais nas horas oportunas, na tribulação?
## dixit enim in | enim in corde
   9:27     Dixit enim in corde suo: * Non movébor a generatióne in generatiónem sine malo.
            Pois disse no seu coração: * Não serei abalado de geração em geração, sem mal.
   9:32     Dixit enim in corde suo: Oblítus est Deus, * avértit fáciem suam ne vídeat in finem.
            Pois disse no seu coração: Deus se esqueceu, * desviou a sua face para nunca mais ver.
   9:34     Propter quid irritávit ímpius Deum? * dixit enim in corde suo: Non requíret.
            Por que razão o ímpio provocou a Deus? * pois disse no seu coração: Não pedirá contas.
-- 155 verse groups
