## D3: exaudíre "all 74 places"
   /exaud/  70 lines, 74 occurrences
   3:5 4:2a 4:2b 4:4 5:4 6:9 6:10 9:38 12:3 16:1a 16:6 17:7b 17:42 19:2 19:7b 19:10 21:3 21:25 26:7 27:2 27:6 30:23 33:5 33:7 33:18 37:16 38:13 39:3 53:4 54:2 54:18 54:20 57:6 59:7 60:2 60:6 63:2 64:3 64:6 65:18 65:19 68:14 68:17 68:18 68:34 80:8 83:9 85:1 85:7 90:15 98:6 98:8 101:2 101:3 105:25 107:7 114:1 117:5 117:21 117:28b 118:26 118:145 119:1 129:1 137:3 139:7 140:1 142:1 142:7a 144:19
## D3: inténde parallel to exáudi in 16:1, 54:2, 60:2, 140:1
   /exaud.*intend|intend.*exaud/  4 lines, 4 occurrences
   16:1a 54:2 60:2 140:1
## D4: áuribus percípere eight places
   /auribus percip/  8 lines, 8 occurrences
   5:2 16:1b 38:13 48:2 53:4 83:9 85:6 142:1
## D5: confitéri + laudáre in one verse (34:18, 108:30, 105:47)
   /confit.*\blaud|\blaud.*confit/  4 lines, 4 occurrences
   34:18 43:9 105:47 108:30
## glossary D5: grátias ágere never occurs
   /grati\w* ag/  0 lines, 0 occurrences
   
## D9: in idípsum six places
   /in idipsum/  6 lines, 6 occurrences
   4:9 33:4 40:7 61:10 73:6 121:3
## D14: Ps 135 refrain in ætérnum misericórdia 27 times
   /in aeternum misericordia/  29 lines, 29 occurrences
   88:3 99:4b 135:1 135:2 135:3 135:4 135:5 135:6 135:7 135:8 135:9 135:10 135:11 135:12 135:13 135:14 135:15 135:16 135:17 135:18 135:19 135:20 135:21 135:22 135:23 135:24 135:25 135:26a 135:26b
## D15: justificatiónes 29 in Ps 118 + once elsewhere (104:45)
   /justificat/  32 lines, 32 occurrences
   18:10 81:3 104:45 118:5 118:8 118:12 118:16 118:20 118:23 118:24 118:26 118:27 118:33 118:48 118:54 118:56 118:62 118:64 118:68 118:71 118:80 118:83 118:93 118:94 118:112 118:117 118:124 118:135 118:141 118:145 118:155 118:171
## D15/D19: præcéptum 8× (2:6, 7:7b, 18:9, 80:5, 93:20, 98:7, 104:10, 148:6), never in Ps 118
   /praecept/  8 lines, 8 occurrences
   2:6 7:7b 18:9 80:5 93:20 98:7 104:10 148:6
## D19: beátus 29×
   /\bbeat(us|i|a|um|am|os|ae|orum)\b/  26 lines, 27 occurrences
   1:1 2:13 31:1 31:2 32:12 33:9 39:5 40:2 40:3 64:5 83:5 83:6 83:13 88:15 93:12 105:3 111:1 118:1 118:2 126:5 127:1 127:2 136:8 136:9 143:15 145:5
## D19: the Latin psalter never says felix
   /\bfelic|\bfelix/  0 lines, 0 occurrences
   
## D21: árguere 5 verses
   /\bargu/  5 lines, 5 occurrences
   6:2 37:2 49:8 49:21 93:10
## D21: increpáre 12 verses
   /increp/  12 lines, 12 occurrences
   9:6 15:7 17:16b 38:12 67:31a 75:7 79:17 103:7 105:9 118:21 140:5 149:7
## D21: árguere and increpáre never in one verse
   /\bargu.*increp|increp.*\bargu/  0 lines, 0 occurrences
   
## D22: in conspéctu 51 verses
   /in conspectu/  51 lines, 51 occurrences
   5:9 9:20 9:26a 14:4a 15:8 17:7b 17:13 17:23 17:25 18:15a 21:26 21:28 21:30 22:5 30:20 35:3 37:18 40:13 49:3 49:8 51:11 55:9 60:8 67:4 67:5b 67:8 68:21 78:10 79:10 85:14 87:3 88:37 89:8 95:6 97:2 97:6 99:2b 100:7 105:23 105:46 108:14 115:5 115:9 118:46 118:168 118:169 118:170 137:1b 140:2 141:3 142:2
## D22/D35: deprecátio 14 verses
   /deprecatio/  15 lines, 15 occurrences
   6:10 16:1a 21:25 27:2 27:6 38:13 54:2 60:2 65:19 85:6 118:169 129:2b 139:7 141:7 144:19
## D22: inférnus 19 verses
   /infern|\binferi\b|\binferis\b|\binferos\b/  18 lines, 18 occurrences
   6:6 9:18 15:10 17:6 29:4 30:18 48:15 48:15 48:16 54:16 85:13 87:4 88:49 93:17 113:25 114:3a 138:8 140:8
## D24: tota die 26 verses
   /tota die/  26 lines, 26 occurrences
   24:5 31:3 34:28 36:26 37:7 37:13 43:9 43:16 43:22 51:4 55:2 55:3 55:6 70:8 70:15 70:24 71:15 72:14 73:22 85:3 87:10 87:18 88:16 101:9 118:97 139:3
## D25: psállere beside cantáre (12:6b, 20:14, 103:33, 107:2)
   /psall.*cant|cant.*psall/  9 lines, 9 occurrences
   12:6b 20:14 32:3 67:33a 97:4 103:33 104:2 107:2 143:9
## D25/glossary: psallam alone 12 verses
   /\bpsallam\b/  12 lines, 12 occurrences
   7:18 9:3 12:6b 58:18 70:22 100:2 103:33 107:2 107:4 137:1b 143:9 145:2a
## D27: in ætérnum and in finem together only at 48:9
   /in aeternum.*in finem|in finem.*in aeternum/  1 lines, 1 occurrences
   48:9
## D27: úsquequo … in finem (12:1; 73:10, 78:5, 88:47)
   /usquequo.*in finem/  4 lines, 4 occurrences
   12:1 73:10 78:5 88:47
## D27: exacerbáre 8 verses (9:25, 77:40, 41, 56, 104:28, 105:32, 43, 106:11)
   /exacerb/  8 lines, 8 occurrences
   9:25 77:40 77:41 77:56 104:28 105:32 105:43 106:11
## D27/glossary: irritáre 10 verses
   /irrit/  11 lines, 11 occurrences
   5:11b 9:34 73:10 88:35 94:8 94:8 105:7 105:16 105:29 105:32 106:11
## D29: plural of blood (5:7b, 15:4b, 25:9, 50:16, 54:24, 58:3, 105:38, 138:19)
   /sanguin(um|ibus|es)\b/  8 lines, 8 occurrences
   5:7b 15:4b 25:9 50:16 54:24 58:3 105:39 138:19
## D30: mundus never "world"; mund- only clean/cleanse (18:13, 23:4, Ps 50, 88:45)
   /\bmund/  5 lines, 5 occurrences
   18:13 23:4 50:4 50:9 50:12
## D30: orbis lines (Ps 17 agent counted 12)
   /\borb(is|em|e)\b/  15 lines, 15 occurrences
   9:8b 17:16a 18:5 23:1 32:8 48:2 49:12 71:8 88:12 89:2 92:1b 95:10 95:13 97:6 97:9
## D31: firmaméntum (17:2, 18:2, 24:14, 70:3, 72:4, 150:1)
   /firmament/  9 lines, 9 occurrences
   17:2 18:2 24:14 70:3 71:16 72:4 88:41 104:16 150:1
## D32: semen 17 lines
   /\bsem(en|inis|ini|ine|ina)\b/  18 lines, 18 occurrences
   17:51 20:11 21:24 21:25 21:31 24:13 36:25 36:26 36:28 68:37 88:4 88:30 88:36 101:29 104:6 105:27 111:2 125:6a
## D34: ecclésia ten lines
   /eccles/  10 lines, 10 occurrences
   21:23 21:26 25:5 25:12 34:18 39:10 67:27 88:6 106:32 149:1
## D34: concílium lines (1:5, 21:17, 25:4, 39:11 …)
   /concili/  4 lines, 4 occurrences
   1:5 21:17 25:4 39:11
## D35: deprecátio at a cadence 11 of 14 (count only)
   /deprecatio/  15 lines, 15 occurrences
   6:10 16:1a 21:25 27:2 27:6 38:13 54:2 60:2 65:19 85:6 118:169 129:2b 139:7 141:7 144:19
## D18: Servíte Dómino 2:11, 99:2
   /servite/  2 lines, 2 occurrences
   2:11 99:2a
## glossary D36 sustinére 15 lines
   /sustin|sustinu|sustent/  15 lines, 15 occurrences
   24:3 24:5 24:21 26:14 32:20 36:9 54:13 55:8 68:8 68:21 105:13 129:3 129:4a 129:4b 147:6
## glossary eripere: éripe 17 in the psalter
   /\beripe\b/  17 lines, 18 occurrences
   6:5 16:13 30:16 58:2 58:3 63:2 68:15 68:19 70:1 70:4 118:153 118:170 139:2 139:5 142:9 143:7 143:10
## glossary D23 usque in ætérnum 4 lines (27:9, 48:20, 88:4, 102:17)
   /usque in aeternum/  4 lines, 4 occurrences
   27:9 48:20 88:4 102:17
## glossary serváre five verses (11:8, 77:57, 88:29, 102:17, 118:168)
   /\bserv(a|o|e|as|at|ab|av|ant|et|ent|ar|ata|atus)/  27 lines, 27 occurrences
   11:8 18:13 26:9 33:23 68:37 77:57 78:2 78:10 88:4 88:29 88:51 89:13 89:16 101:29 102:17 104:25 118:17 118:38 118:49 118:65 118:76 118:124 118:168 122:2a 134:9 135:22 142:2
## glossary mirificáre 4:4, 15:3, 16:7, 30:22
   /mirific/  4 lines, 4 occurrences
   4:4 15:3 16:7 30:22
## glossary justificatiónes 30 places
   /justificationes|justificationibus|justificationum/  29 lines, 29 occurrences
   104:45 118:5 118:8 118:12 118:16 118:20 118:23 118:24 118:26 118:27 118:33 118:48 118:54 118:56 118:64 118:68 118:71 118:80 118:83 118:93 118:94 118:112 118:117 118:124 118:135 118:141 118:145 118:155 118:171
## glossary malignári (verb) 36:8-9, 104:15, 73:3, 82:4
   /maligna(n|v|t|r|b)|maligne/  11 lines, 11 occurrences
   21:17 25:5 36:1 36:8 36:9 63:3 73:3 82:4 91:12 93:16 104:15
## glossary in sǽculum sǽculi
   /in saeculum saeculi/  28 lines, 28 occurrences
   9:6 9:37 18:10 20:5 20:7 21:27 36:27 36:29 44:7 44:18b 47:15 51:10 60:9 82:18 88:30 91:9 103:5 110:3 110:8 110:10b 111:3 111:9 118:44 131:14 144:1 144:2 144:21 148:6
## glossary tota die
   /tota die/  26 lines, 26 occurrences
   24:5 31:3 34:28 36:26 37:7 37:13 43:9 43:16 43:22 51:4 55:2 55:3 55:6 70:8 70:15 70:24 71:15 72:14 73:22 85:3 87:10 87:18 88:16 101:9 118:97 139:3
## glossary conspéctus
   /conspect/  54 lines, 54 occurrences
   5:9 9:20 9:26a 14:4a 15:8 16:15 17:7b 17:13 17:23 17:25 18:15a 21:26 21:28 21:30 22:5 30:20 35:3 37:18 40:13 49:3 49:8 51:11 53:5 55:9 60:8 67:4 67:5b 67:8 68:21 78:10 79:10 85:14 87:3 88:37 89:8 95:6 97:2 97:6 97:8 99:2b 100:7 105:23 105:46 108:14 115:5 115:9 118:46 118:168 118:169 118:170 137:1b 140:2 141:3 142:2
## glossary adjútor
   /adjutor\b|adjutor(em|is|i)\b/  28 lines, 28 occurrences
   9:10 9:35b 17:3b 18:15b 26:9 27:7 29:11 32:20 39:18 45:2 51:8 58:18 61:7 61:9 62:7 69:6 70:7 71:12 77:35 80:2 108:12 113:17 113:18 113:19 117:6 117:7 118:114 145:5
## glossary valde/vehementer
   /\bvalde\b|vehementer/  10 lines, 11 occurrences
   6:4 6:11 20:2 30:12 46:10 77:59 103:1 104:24 118:140 118:167
## glossary Dóminus virtútum 16 lines
   /dominus virtutum|domine virtutum|deus virtutum|domini virtutum|domino virtutum|dominum virtutum/  15 lines, 15 occurrences
   23:10 45:8 45:12 47:9 58:6 68:7 79:5 79:8 79:15 79:20 83:2 83:4 83:9 83:13 88:9
## glossary gáudium 4 lines (20:7, 29:12, 50:10, 125:2a)
   /\bgaudi(um|o)\b/  4 lines, 4 occurrences
   20:7 29:12 50:10 125:2a
## glossary reveréri
   /rever(e|i)/  8 lines, 8 occurrences
   34:4 34:26 34:26 39:15 39:15 68:20 69:3 70:24
## glossary inops 14 lines
   /\binop(s|is|em|i|es|um|ibus)\b/  10 lines, 10 occurrences
   11:6a 13:6 34:10 36:14 71:13 73:21 85:1 108:17 112:7 139:13
## glossary erubéscere 9 verses
   /erubesc|erubu/  9 lines, 10 occurrences
   6:11 24:1 24:20 30:18 34:26 68:7 69:4 69:4 82:18
## glossary compúngi
   /compung|compunct/  5 lines, 5 occurrences
   4:5 29:13 34:16 59:5 108:17
## glossary in finem
   /in finem/  19 lines, 20 occurrences
   9:7a 9:19 9:32 12:1 15:11 17:36b 37:7 43:23 48:9 51:7 67:17b 73:1 73:3 73:10 73:11 73:19 76:9 78:5 88:47
## glossary movéri / non movébor
   /non movebor/  3 lines, 3 occurrences
   9:27 29:7 61:3
