## laudáre / laus → louvar / louvor: 13 ok, 0 miss
## tribulátio → tribulação: 18 ok, 0 miss
## iníquitas → iniquidade: 28 ok, 0 miss
## ímpius → ímpio: 17 ok, 0 miss
## peccátor → pecador: 32 ok, 0 miss
## véritas → verdade: 21 ok, 0 miss
## spes → esperança: 4 ok, 0 miss
## invocáre → invocar: 4 ok, 4 miss
!! 4:2a     Cum invocárem exaudívit me Deus justítiæ meæ: * in tribulatióne dilatásti mihi.
            Quando invoquei, escutou-me o Deus da minha justiça: * na tribulação me abristes espaço.
!! 17:7a    In tribulatióne mea invocávi Dóminum, * et ad Deum meum clamávi.
            Na minha tribulação invoquei o Senhor, * e clamei ao meu Deus.
!! 30:17    Illústra fáciem tuam super servum tuum, salvum me fac in misericórdia tua: * Dómine, non confúndar, quóniam invocávi te.
            Iluminai a vossa face sobre o vosso servo, salvai-me na vossa misericórdia: * Senhor, não serei envergonhado, porque vos invoquei.
!! 117:5    De tribulatióne invocávi Dóminum: * et exaudívit me in latitúdine Dóminus.
            Da tribulação invoquei o Senhor: * e o Senhor me escutou na amplidão.
## clamáre → clamar: 23 ok, 0 miss
## glorificáre → glorificar: 3 ok, 0 miss
## exaltáre → exaltar: 16 ok, 0 miss
## lætári → alegrar-se: 21 ok, 0 miss
## exsultáre → exultar: 19 ok, 0 miss
## conturbáre → perturbar: 14 ok, 0 miss
## dolus / dolósus → engano / enganador: 13 ok, 0 miss
## refúgium → refúgio: 7 ok, 0 miss
## protéctor → protetor: 10 ok, 0 miss
## fortitúdo → força: 4 ok, 0 miss
## virtus (δύναμις) → poder: 12 ok, 3 miss
!! 21:16    Áruit tamquam testa virtus mea, et lingua mea adhǽsit fáucibus meis: * et in púlverem mortis deduxísti me.
            O meu vigor secou-se como um caco, e a minha língua se colou à minha garganta: * e me fizestes descer ao pó da morte.
!! 29:8     Dómine, in voluntáte tua, * præstitísti decóri meo virtútem.
            Senhor, pela vossa vontade, * destes vigor ao meu esplendor.
!! 30:11b   Infirmáta est in paupertáte virtus mea: * et ossa mea conturbáta sunt.
            O meu vigor se enfraqueceu na pobreza: * e os meus ossos foram perturbados.
## salvum fácere → salvar: 19 ok, 0 miss
## custodíre → guardar: 30 ok, 0 miss
## quǽrere → buscar: 11 ok, 2 miss
!! 36:36    Et transívi, et ecce non erat: * et quæsívi eum, et non est invéntus locus ejus.
            E passei, e eis que não existia: * e o busquei, e não foi encontrado o seu lugar.
!! 118:100  Super senes intelléxi: * quia mandáta tua quæsívi.
            Entendi mais que os anciãos: * porque busquei os vossos mandamentos.
## exquírere → procurar: 10 ok, 0 miss
## requírere: 9 ok, 0 miss
## timére / timor → temer / temor: 30 ok, 0 miss
## iníquus → iníquo: 9 ok, 1 miss
!! 24:4     Confundántur omnes iníqua agéntes * supervácue.
            Sejam envergonhados todos os que agem iniquamente * em vão.
## cor → coração: 61 ok, 0 miss
## fácies → face / rosto: 20 ok, 2 miss
!! 17:28    Quóniam tu pópulum húmilem salvum fácies: * et óculos superbórum humiliábis.
            Porque vós salvareis o povo humilde, * e humilhareis os olhos dos soberbos.
!! 118:84   Quot sunt dies servi tui? * quando fácies de persequéntibus me judícium?
            Quantos são os dias do vosso servo? * quando fareis juízo sobre os que me perseguem?
## vultus → rosto: 8 ok, 0 miss
## gens / gentes → nação / nações: 16 ok, 0 miss
## pópulus → povo: 17 ok, 0 miss
## lætítia → alegria: 4 ok, 0 miss
## iniquitátem operári → praticar: 6 ok, 0 miss
## sperantes / qui sperant in → que esperam em: 37 ok, 0 miss
## confídere → confiar: 4 ok, 0 miss
## fíeri, factus est: 3 ok, 0 miss
## oppróbrium → afronta: 5 ok, 0 miss
## persequi → perseguir: 10 ok, 2 miss
!! 7:6      Persequátur inimícus ánimam meam, † et comprehéndat, et concúlcet in terra vitam meam, * et glóriam meam in púlverem dedúcat.
            Persiga o inimigo a minha alma, † e a prenda, e pise aos pés na terra a minha vida, * e faça descer ao pó a minha glória.
!! 34:6     Fiat via illórum ténebræ et lúbricum: * et Ángelus Dómini pérsequens eos.
            Torne-se o caminho deles trevas e lugar escorregadio: * e que o anjo do Senhor os persiga.
## tabernáculum → tenda: 8 ok, 0 miss
## mons sanctus → monte santo: 3 ok, 0 miss
## inimícus → inimigo: 36 ok, 0 miss
## mendácium → mentira: 2 ok, 0 miss
## vánitas → vaidade: 4 ok, 0 miss
## orátio → oração: 7 ok, 0 miss
## respícere (God) → olhar: 10 ok, 0 miss
## anima → alma: 48 ok, 0 miss
