## D3 exaudire  (32 ok, 0 miss) 
## D3 audire  (9 ok, 0 miss) escutar allowed at vós imperative
## D3 intendere (not arcum)  (3 ok, 0 miss) 
## D4 auribus percipere  (3 ok, 0 miss) 
## D5 confiteri  (20 ok, 0 miss) confessar only for sin
## D5 confitebor tibi  (18 ok, 1 miss) 
!! 31:5b    Dixi: Confitébor advérsum me injustítiam meam Dómino: * et tu remisísti impietátem peccáti mei.
            Disse: Contra mim mesmo, confessarei ao Senhor a minha injustiça: * e vós perdoastes a impiedade do meu pecado.
## D6 salutare  (17 ok, 0 miss) 
## D6 salus  (17 ok, 0 miss) 
## D14/D23 refrain  (5 ok, 0 miss) 
## D15 justificationes  (30 ok, 0 miss) 
## D15 mandata  (38 ok, 0 miss) 
## D15 testimonia  (24 ok, 0 miss) 
## D15 lex  (34 ok, 0 miss) 
## D15 judicium  (38 ok, 0 miss) 
## D15 semita  (8 ok, 0 miss) 
## D15 via  (45 ok, 0 miss) 
## D15 verbum  (29 ok, 0 miss) 
## D15 sermo  (6 ok, 0 miss) 
## D15/D26 eloquium  (23 ok, 0 miss) 
## D15 confundi  (16 ok, 0 miss) 
## D17 genui te  (1 ok, 0 miss) 
## D18 servite  (1 ok, 0 miss) 
## D19 beatus  (8 ok, 0 miss) 
## D19 praeceptum  (3 ok, 0 miss) 
## D19 susceptor  (5 ok, 0 miss) 
## D19 suscipere  (7 ok, 1 miss) acolher for things open (D22)
!! 16:12    Suscepérunt me sicut leo parátus ad prædam: * et sicut cátulus leónis hábitans in ábditis.
            Agarraram-me como um leão pronto para a presa: * e como um filhote de leão que habita em lugares ocultos.
## D19 adjutor  (14 ok, 0 miss) 
## D19 Christus  (4 ok, 0 miss) 
## D20 de via  (1 ok, 0 miss) 
## D21 arguere  (1 ok, 0 miss) 
## D21 corripere  (1 ok, 0 miss) 
## D21 increpare  (3 ok, 1 miss) 
!! 17:16b   Ab increpatióne tua, Dómine, * ab inspiratióne spíritus iræ tuæ.
            À vossa repreensão, Senhor, * ao sopro do espírito da vossa ira.
## D22 deduc  (7 ok, 1 miss) 
!! 14:4a    Ad níhilum dedúctus est in conspéctu ejus malígnus: * timéntes autem Dóminum gloríficat:
            À vista dele, o malvado foi reduzido a nada: * mas glorifica os que temem o Senhor:
## D24 perdere  (7 ok, 0 miss) 
## D24 malignus  (7 ok, 3 miss) 
!! 34:17    Dómine, quando respícies? * restítue ánimam meam a malignitáte eórum, a leónibus únicam meam.
            Senhor, quando olhareis? * Trazei de volta a minha alma da maldade deles, a minha única, dos leões.
!! 36:8     Désine ab ira, et derelínque furórem: * noli æmulári ut malignéris.
            Deixa a ira, e abandona o furor: * não tenhas inveja, a ponto de fazeres o mal.
!! 36:9     Quóniam qui malignántur, exterminabúntur: * sustinéntes autem Dóminum, ipsi hereditábunt terram.
            Porque os que fazem o mal serão exterminados: * mas os que esperam pelo Senhor, esses herdarão a terra.
## D24 tota die  (5 ok, 0 miss) 
## D24 exspectare  (5 ok, 0 miss) 
## D36 sustinere  (2 ok, 4 miss) 
!! 24:5     Dírige me in veritáte tua, et doce me: * quia tu es, Deus, salvátor meus, et te sustínui tota die.
            Encaminhai-me na vossa verdade, e ensinai-me: * porque vós sois, Deus, o meu Salvador, e por vós esperei o dia todo.
!! 24:21    Innocéntes et recti adhæsérunt mihi: * quia sustínui te.
            Os inocentes e os retos apegaram-se a mim: * porque por vós esperei.
!! 32:20    Ánima nostra sústinet Dóminum: * quóniam adjútor et protéctor noster est.
            A nossa alma espera pelo Senhor: * porque o nosso auxílio e protetor é ele.
!! 36:9     Quóniam qui malignántur, exterminabúntur: * sustinéntes autem Dóminum, ipsi hereditábunt terram.
            Porque os que fazem o mal serão exterminados: * mas os que esperam pelo Senhor, esses herdarão a terra.
## D36 sperare  (37 ok, 0 miss) 
## D25 psallere  (10 ok, 0 miss) 
## D25 convertere  (14 ok, 0 miss) 
## D27 in finem  (6 ok, 0 miss) 
## D27 exacerbare  (1 ok, 0 miss) 
## D27 irritare  (2 ok, 0 miss) 
## D27 humilis  (16 ok, 1 miss) 
!! 21:22    Salva me ex ore leónis: * et a córnibus unicórnium humilitátem meam.
            Salvai-me da boca do leão: * e dos chifres dos unicórnios a minha pequenez.
## D27 in saeculum saeculi  (9 ok, 0 miss) 
## D27 perire de  (0 ok, 0 miss) 
## D23 in aeternum  (21 ok, 2 miss) 
!! 5:12a    Et læténtur omnes, qui sperant in te, * in ætérnum exsultábunt: et habitábis in eis.
            E alegrem-se todos os que esperam em vós, * exultarão eternamente: e habitareis neles.
!! 27:9     Salvum fac pópulum tuum, Dómine, et bénedic hereditáti tuæ: * et rege eos, et extólle illos usque in ætérnum.
            Salvai o vosso povo, Senhor, e bendizei a vossa herança: * e regei-os, e erguei-os para todo o sempre.
## D23 in saeculum  (8 ok, 0 miss) 
## D29 sanguines  (3 ok, 0 miss) 
## D30 orbis  (5 ok, 0 miss) 
## D31 firmamentum  (3 ok, 0 miss) 
## D32 semen  (9 ok, 0 miss) 
## D33 consilium  (10 ok, 0 miss) 
## D34 ecclesia  (5 ok, 0 miss) 
## D34 concilium  (2 ok, 1 miss) 
!! 25:4     Non sedi cum concílio vanitátis: * et cum iníqua geréntibus non introíbo.
            Não me sentei no conselho da vaidade: * e com os que fazem coisas iníquas não entrarei.
## D35 deprecatio  (6 ok, 0 miss) 
## D35 deprecari  (1 ok, 1 miss) 
!! 118:58   Deprecátus sum fáciem tuam in toto corde meo: * miserére mei secúndum elóquium tuum.
            Supliquei a vossa face de todo o meu coração: * tende piedade de mim segundo o que dissestes.
## D13 aperite  (1 ok, 0 miss) 
## D9 in idipsum  (2 ok, 0 miss) deferred
## D11 benedicere  (17 ok, 5 miss) 
!! 3:9      Dómini est salus: * et super pópulum tuum benedíctio tua.
            Do Senhor é a salvação: * e sobre o vosso povo a vossa bênção.
!! 20:4     Quóniam prævenísti eum in benedictiónibus dulcédinis: * posuísti in cápite ejus corónam de lápide pretióso.
            Porque vos adiantastes a ele com bênçãos de doçura: * pusestes na sua cabeça uma coroa de pedra preciosa.
!! 20:7     Quóniam dabis eum in benedictiónem in sǽculum sǽculi: * lætificábis eum in gáudio cum vultu tuo.
            Porque pelos séculos dos séculos fareis dele uma bênção: * o alegrareis de júbilo com o vosso rosto.
!! 23:5     Hic accípiet benedictiónem a Dómino: * et misericórdiam a Deo, salutári suo.
            Este receberá a bênção do Senhor: * e de Deus, seu Salvador, a misericórdia.
!! 36:26    Tota die miserétur et cómmodat: * et semen illíus in benedictióne erit.
            O dia todo tem piedade e empresta: * e a sua descendência será abençoada.
