ok confitemini domino quoniam bonus
     117:1    c0  Dai graças ao Senhor, porque ele é bom:
     117:29   c0  Dai graças ao Senhor, porque ele é bom:
ok quoniam in saeculum misericordia ejus
     117:1    c1  porque é para sempre a sua misericórdia.
     117:2    c1  porque é para sempre a sua misericórdia.
     117:3    c1  porque é para sempre a sua misericórdia.
     117:4    c1  porque é para sempre a sua misericórdia.
     117:29   c1  porque é para sempre a sua misericórdia.
ok et in nomine domini quia ultus sum in eos
     117:10   c1  e foi em nome do Senhor que me vinguei deles.
     117:11   c1  e foi em nome do Senhor que me vinguei deles.
     117:12   c2  e foi em nome do Senhor que me vinguei deles.
ok dextera domini fecit virtutem
     117:16   c0  A direita do Senhor agiu com poder:
     117:16   c2  a direita do Senhor agiu com poder.
ok confitebor tibi quoniam exaudisti me
     117:21   c0  Eu vos darei graças, porque me escutastes:
     117:28b  c0  Eu vos darei graças, porque me escutastes
ok et factus es mihi in salutem
     117:21   c1  e vos fizestes salvação para mim.
     117:28b  c1  e vos fizestes salvação para mim.
ok dominus mihi adjutor
     117:6    c0  O Senhor é o meu auxílio:
     117:7    c0  O Senhor é o meu auxílio:
ok doce me justificationes tuas
     118:12   c1  ensinai-me os vossos preceitos.
     118:26   c1  ensinai-me os vossos preceitos.
ok vivifica me secundum verbum tuum
     118:25   c1  vivificai-me segundo a vossa palavra.
     118:107  c1  vivificai-me segundo a vossa palavra.
!! ut custodiam mandata tua
     118:60   c1  para guardar os vossos mandamentos.
     118:134  c1  para que eu guarde os vossos mandamentos.
     118:146  c1  para que eu guarde os vossos mandamentos.
ok et legem tuam non sum oblitus
     118:61   c1  e não esqueci a vossa lei.
     118:109  c1  e não esqueci a vossa lei.
ok quia in verba tua supersperavi
     118:74   c1  porque pus toda a esperança nas vossas palavras.
     118:147  c1  porque pus toda a esperança nas vossas palavras.
ok et in verbum tuum supersperavi
     118:81   c1  e pus toda a esperança na vossa palavra.
     118:114  c1  e pus toda a esperança na vossa palavra.
ok justificationes tuas non sum oblitus
     118:83   c1  não esqueci os vossos preceitos.
     118:141  c1  não esqueci os vossos preceitos.
ok non est qui faciat bonum non est usque ad unum
     13:1b    c1  não há quem faça o bem, não há nem sequer um.
     13:3a    c1  não há quem faça o bem, não há nem sequer um.
ok grando et carbones ignis
     17:13    c1  granizo e carvões de fogo.
     17:14    c2  granizo e carvões de fogo.
ok et retribuet mihi dominus secundum justitiam meam
     17:21    c0  E o Senhor me retribuirá segundo a minha justiça,
     17:25    c0  E o Senhor me retribuirá segundo a minha justiça,
ok attollite portas principes vestras et elevamini portae aeternales
     23:7     c0  Erguei, príncipes, as vossas portas, e elevai-vos, portas eternas:
     23:9     c0  Erguei, príncipes, as vossas portas, e elevai-vos, portas eternas:
ok et introibit rex gloriae
     23:7     c1  e entrará o Rei da glória.
     23:9     c1  e entrará o Rei da glória.
ok quis est iste rex gloriae
     23:8     c0  Quem é este Rei da glória?
     23:10    c0  Quem é este Rei da glória?
ok benedictus dominus
     27:6     c0  Bendito o Senhor:
     30:22    c0  Bendito o Senhor:
ok sepulcrum patens est guttur eorum
     5:11a    c0  A sua garganta é um sepulcro aberto,
     13:3b    c0  A sua garganta é um sepulcro aberto,
ok linguis suis dolose agebant
     5:11a    c1  com as suas línguas enganavam,
     13:3b    c1  com as suas línguas enganavam,
ok et psallam nomini domini altissimi
     7:18     c1  e entoarei salmos ao nome do altíssimo Senhor.
     12:6b    c2  e entoarei salmos ao nome do altíssimo Senhor.
ok domine dominus noster
     8:2a     c0  Senhor, nosso Senhor,
     8:10     c0  Senhor, nosso Senhor,
ok quam admirabile est nomen tuum in universa terra
     8:2a     c1  como é admirável o vosso nome em toda a terra!
     8:10     c1  como é admirável o vosso nome em toda a terra!
ok oculi ejus in pauperem respiciunt
     9:30a    c0  Os seus olhos estão voltados para o pobre:
     10:5b    c0  Os seus olhos estão voltados para o pobre:
-- 26 identical groups, 1 divergent groups
